Archive member included to satisfy reference by file (symbol)

/home/zaccaria/Scrivania/Proj/ZerOS/toolchain/i686-elf/lib/gcc/i686-elf/14.2.0/libgcc.a(_udivdi3.o)
                              /home/zaccaria/Scrivania/Proj/ZerOS/build/kernel/c/./include_src/std/stdio.obj (__udivdi3)
/home/zaccaria/Scrivania/Proj/ZerOS/toolchain/i686-elf/lib/gcc/i686-elf/14.2.0/libgcc.a(_umoddi3.o)
                              /home/zaccaria/Scrivania/Proj/ZerOS/build/kernel/c/./include_src/std/stdio.obj (__umoddi3)

Discarded input sections

 .group         0x00000000        0x8 /home/zaccaria/Scrivania/Proj/ZerOS/build/kernel/cpp/./include_src/ps2/ps2_driver.obj

Memory Configuration

Name             Origin             Length             Attributes
*default*        0x00000000         0xffffffff

Linker script and memory map

LOAD /home/zaccaria/Scrivania/Proj/ZerOS/build/kernel/asm/./include_src/i686/gdt.obj
LOAD /home/zaccaria/Scrivania/Proj/ZerOS/build/kernel/asm/./include_src/i686/idt.obj
LOAD /home/zaccaria/Scrivania/Proj/ZerOS/build/kernel/asm/./include_src/i686/io.obj
LOAD /home/zaccaria/Scrivania/Proj/ZerOS/build/kernel/asm/./include_src/i686/isr.obj
LOAD /home/zaccaria/Scrivania/Proj/ZerOS/build/kernel/c/./include_src/i686/io.obj
LOAD /home/zaccaria/Scrivania/Proj/ZerOS/build/kernel/c/./include_src/i686/gdt.obj
LOAD /home/zaccaria/Scrivania/Proj/ZerOS/build/kernel/c/./include_src/i686/isrs_generated.obj
LOAD /home/zaccaria/Scrivania/Proj/ZerOS/build/kernel/c/./include_src/i686/idt.obj
LOAD /home/zaccaria/Scrivania/Proj/ZerOS/build/kernel/c/./include_src/i686/isr.obj
LOAD /home/zaccaria/Scrivania/Proj/ZerOS/build/kernel/c/./include_src/std/stdio.obj
LOAD /home/zaccaria/Scrivania/Proj/ZerOS/build/kernel/c/./include_src/std/string.obj
LOAD /home/zaccaria/Scrivania/Proj/ZerOS/build/kernel/c/./include_src/util/error.obj
LOAD /home/zaccaria/Scrivania/Proj/ZerOS/build/kernel/cpp/./include_src/ps2/ps2_driver.obj
LOAD /home/zaccaria/Scrivania/Proj/ZerOS/build/kernel/cpp/./include_src/ps2/ps2_keyboard.obj
LOAD /home/zaccaria/Scrivania/Proj/ZerOS/build/kernel/cpp/./include_src/i686/pic.obj
LOAD /home/zaccaria/Scrivania/Proj/ZerOS/build/kernel/cpp/./include_src/i686/irq.obj
LOAD /home/zaccaria/Scrivania/Proj/ZerOS/build/kernel/cpp/./include_src/hal/hal.obj
LOAD /home/zaccaria/Scrivania/Proj/ZerOS/build/kernel/cpp/./main.obj
LOAD /home/zaccaria/Scrivania/Proj/ZerOS/toolchain/i686-elf/lib/gcc/i686-elf/14.2.0/libgcc.a
                0x00100000                        phys = 0x100000
                0x00100000                        . = phys

.entry          0x00100000       0x65
                0x00100000                        __entry_start = .
 *(.entry)
 .entry         0x00100000       0x65 /home/zaccaria/Scrivania/Proj/ZerOS/build/kernel/cpp/./main.obj
                0x00100000                start

.text           0x00100070     0x3b2e
                0x00100070                        __text_start = .
 *(.text)
 .text          0x00100070       0x25 /home/zaccaria/Scrivania/Proj/ZerOS/build/kernel/asm/./include_src/i686/gdt.obj
                0x00100070                i686_gdt_load
 *fill*         0x00100095        0xb 
 .text          0x001000a0        0xd /home/zaccaria/Scrivania/Proj/ZerOS/build/kernel/asm/./include_src/i686/idt.obj
                0x001000a0                i686_idt_load
 *fill*         0x001000ad        0x3 
 .text          0x001000b0       0x25 /home/zaccaria/Scrivania/Proj/ZerOS/build/kernel/asm/./include_src/i686/io.obj
                0x001000b0                i686_outb
                0x001000bb                i686_inb
                0x001000c7                i686_halt
                0x001000c9                i686_crash
                0x001000d1                i686_enaint
                0x001000d3                i686_disint
 *fill*         0x001000d5        0xb 
 .text          0x001000e0      0xa70 /home/zaccaria/Scrivania/Proj/ZerOS/build/kernel/asm/./include_src/i686/isr.obj
                0x001000e0                i686_isr0
                0x001000e9                i686_isr1
                0x001000f2                i686_isr2
                0x001000fb                i686_isr3
                0x00100104                i686_isr4
                0x0010010d                i686_isr5
                0x00100116                i686_isr6
                0x0010011f                i686_isr7
                0x00100128                i686_isr8
                0x0010012f                i686_isr9
                0x00100138                i686_isr10
                0x0010013f                i686_isr11
                0x00100146                i686_isr12
                0x0010014d                i686_isr13
                0x00100154                i686_isr14
                0x0010015b                i686_isr15
                0x00100164                i686_isr16
                0x0010016d                i686_isr17
                0x00100174                i686_isr18
                0x0010017d                i686_isr19
                0x00100186                i686_isr20
                0x0010018f                i686_isr21
                0x00100196                i686_isr22
                0x0010019f                i686_isr23
                0x001001a8                i686_isr24
                0x001001b1                i686_isr25
                0x001001ba                i686_isr26
                0x001001c3                i686_isr27
                0x001001cc                i686_isr28
                0x001001d5                i686_isr29
                0x001001de                i686_isr30
                0x001001e7                i686_isr31
                0x001001f0                i686_isr32
                0x001001f9                i686_isr33
                0x00100202                i686_isr34
                0x0010020b                i686_isr35
                0x00100214                i686_isr36
                0x0010021d                i686_isr37
                0x00100226                i686_isr38
                0x0010022f                i686_isr39
                0x00100238                i686_isr40
                0x00100241                i686_isr41
                0x0010024a                i686_isr42
                0x00100253                i686_isr43
                0x0010025c                i686_isr44
                0x00100265                i686_isr45
                0x0010026e                i686_isr46
                0x00100277                i686_isr47
                0x00100280                i686_isr48
                0x00100289                i686_isr49
                0x00100292                i686_isr50
                0x0010029b                i686_isr51
                0x001002a4                i686_isr52
                0x001002ad                i686_isr53
                0x001002b6                i686_isr54
                0x001002bf                i686_isr55
                0x001002c8                i686_isr56
                0x001002d1                i686_isr57
                0x001002da                i686_isr58
                0x001002e3                i686_isr59
                0x001002ec                i686_isr60
                0x001002f5                i686_isr61
                0x001002fe                i686_isr62
                0x00100307                i686_isr63
                0x00100310                i686_isr64
                0x00100319                i686_isr65
                0x00100322                i686_isr66
                0x0010032b                i686_isr67
                0x00100334                i686_isr68
                0x0010033d                i686_isr69
                0x00100346                i686_isr70
                0x0010034f                i686_isr71
                0x00100358                i686_isr72
                0x00100361                i686_isr73
                0x0010036a                i686_isr74
                0x00100373                i686_isr75
                0x0010037c                i686_isr76
                0x00100385                i686_isr77
                0x0010038e                i686_isr78
                0x00100397                i686_isr79
                0x001003a0                i686_isr80
                0x001003a9                i686_isr81
                0x001003b2                i686_isr82
                0x001003bb                i686_isr83
                0x001003c4                i686_isr84
                0x001003cd                i686_isr85
                0x001003d6                i686_isr86
                0x001003df                i686_isr87
                0x001003e8                i686_isr88
                0x001003f1                i686_isr89
                0x001003fa                i686_isr90
                0x00100403                i686_isr91
                0x0010040c                i686_isr92
                0x00100415                i686_isr93
                0x0010041e                i686_isr94
                0x00100427                i686_isr95
                0x00100430                i686_isr96
                0x00100439                i686_isr97
                0x00100442                i686_isr98
                0x0010044b                i686_isr99
                0x00100454                i686_isr100
                0x0010045d                i686_isr101
                0x00100466                i686_isr102
                0x0010046f                i686_isr103
                0x00100478                i686_isr104
                0x00100481                i686_isr105
                0x0010048a                i686_isr106
                0x00100493                i686_isr107
                0x0010049c                i686_isr108
                0x001004a5                i686_isr109
                0x001004ae                i686_isr110
                0x001004b7                i686_isr111
                0x001004c0                i686_isr112
                0x001004c9                i686_isr113
                0x001004d2                i686_isr114
                0x001004db                i686_isr115
                0x001004e4                i686_isr116
                0x001004ed                i686_isr117
                0x001004f6                i686_isr118
                0x001004ff                i686_isr119
                0x00100508                i686_isr120
                0x00100511                i686_isr121
                0x0010051a                i686_isr122
                0x00100523                i686_isr123
                0x0010052c                i686_isr124
                0x00100535                i686_isr125
                0x0010053e                i686_isr126
                0x00100547                i686_isr127
                0x00100550                i686_isr128
                0x0010055c                i686_isr129
                0x00100568                i686_isr130
                0x00100574                i686_isr131
                0x00100580                i686_isr132
                0x0010058c                i686_isr133
                0x00100598                i686_isr134
                0x001005a4                i686_isr135
                0x001005b0                i686_isr136
                0x001005bc                i686_isr137
                0x001005c8                i686_isr138
                0x001005d4                i686_isr139
                0x001005e0                i686_isr140
                0x001005ec                i686_isr141
                0x001005f8                i686_isr142
                0x00100604                i686_isr143
                0x00100610                i686_isr144
                0x0010061c                i686_isr145
                0x00100628                i686_isr146
                0x00100634                i686_isr147
                0x00100640                i686_isr148
                0x0010064c                i686_isr149
                0x00100658                i686_isr150
                0x00100664                i686_isr151
                0x00100670                i686_isr152
                0x0010067c                i686_isr153
                0x00100688                i686_isr154
                0x00100694                i686_isr155
                0x001006a0                i686_isr156
                0x001006ac                i686_isr157
                0x001006b8                i686_isr158
                0x001006c4                i686_isr159
                0x001006d0                i686_isr160
                0x001006dc                i686_isr161
                0x001006e8                i686_isr162
                0x001006f4                i686_isr163
                0x00100700                i686_isr164
                0x0010070c                i686_isr165
                0x00100718                i686_isr166
                0x00100724                i686_isr167
                0x00100730                i686_isr168
                0x0010073c                i686_isr169
                0x00100748                i686_isr170
                0x00100754                i686_isr171
                0x00100760                i686_isr172
                0x0010076c                i686_isr173
                0x00100778                i686_isr174
                0x00100784                i686_isr175
                0x00100790                i686_isr176
                0x0010079c                i686_isr177
                0x001007a8                i686_isr178
                0x001007b4                i686_isr179
                0x001007c0                i686_isr180
                0x001007cc                i686_isr181
                0x001007d8                i686_isr182
                0x001007e4                i686_isr183
                0x001007f0                i686_isr184
                0x001007fc                i686_isr185
                0x00100808                i686_isr186
                0x00100814                i686_isr187
                0x00100820                i686_isr188
                0x0010082c                i686_isr189
                0x00100838                i686_isr190
                0x00100844                i686_isr191
                0x00100850                i686_isr192
                0x0010085c                i686_isr193
                0x00100868                i686_isr194
                0x00100874                i686_isr195
                0x00100880                i686_isr196
                0x0010088c                i686_isr197
                0x00100898                i686_isr198
                0x001008a4                i686_isr199
                0x001008b0                i686_isr200
                0x001008bc                i686_isr201
                0x001008c8                i686_isr202
                0x001008d4                i686_isr203
                0x001008e0                i686_isr204
                0x001008ec                i686_isr205
                0x001008f8                i686_isr206
                0x00100904                i686_isr207
                0x00100910                i686_isr208
                0x0010091c                i686_isr209
                0x00100928                i686_isr210
                0x00100934                i686_isr211
                0x00100940                i686_isr212
                0x0010094c                i686_isr213
                0x00100958                i686_isr214
                0x00100964                i686_isr215
                0x00100970                i686_isr216
                0x0010097c                i686_isr217
                0x00100988                i686_isr218
                0x00100994                i686_isr219
                0x001009a0                i686_isr220
                0x001009ac                i686_isr221
                0x001009b8                i686_isr222
                0x001009c4                i686_isr223
                0x001009d0                i686_isr224
                0x001009dc                i686_isr225
                0x001009e8                i686_isr226
                0x001009f4                i686_isr227
                0x00100a00                i686_isr228
                0x00100a0c                i686_isr229
                0x00100a18                i686_isr230
                0x00100a24                i686_isr231
                0x00100a30                i686_isr232
                0x00100a3c                i686_isr233
                0x00100a48                i686_isr234
                0x00100a54                i686_isr235
                0x00100a60                i686_isr236
                0x00100a6c                i686_isr237
                0x00100a78                i686_isr238
                0x00100a84                i686_isr239
                0x00100a90                i686_isr240
                0x00100a9c                i686_isr241
                0x00100aa5                i686_isr242
                0x00100aae                i686_isr243
                0x00100ab7                i686_isr244
                0x00100ac0                i686_isr245
                0x00100ac9                i686_isr246
                0x00100ad2                i686_isr247
                0x00100adb                i686_isr248
                0x00100ae4                i686_isr249
                0x00100aed                i686_isr250
                0x00100af6                i686_isr251
                0x00100aff                i686_isr252
                0x00100b08                i686_isr253
                0x00100b11                i686_isr254
                0x00100b1a                i686_isr255
 .text          0x00100b50       0x1b /home/zaccaria/Scrivania/Proj/ZerOS/build/kernel/c/./include_src/i686/io.obj
                0x00100b50                i686_iowait
 .text          0x00100b6b       0x1d /home/zaccaria/Scrivania/Proj/ZerOS/build/kernel/c/./include_src/i686/gdt.obj
                0x00100b6b                i686_gdt_init
 .text          0x00100b88     0x1489 /home/zaccaria/Scrivania/Proj/ZerOS/build/kernel/c/./include_src/i686/isrs_generated.obj
                0x00100b88                i686_isr_init_gates
 .text          0x00102011       0xba /home/zaccaria/Scrivania/Proj/ZerOS/build/kernel/c/./include_src/i686/idt.obj
                0x00102011                i686_idt_setgate
                0x00102072                i686_idt_enablegate
                0x00102092                i686_idt_disablegate
                0x001020b2                i686_idt_init
 .text          0x001020cb      0x1f6 /home/zaccaria/Scrivania/Proj/ZerOS/build/kernel/c/./include_src/i686/isr.obj
                0x001020cb                i686_isr_init
                0x0010210d                i686_isr_handler
                0x0010229d                i686_isr_register_handler
 .text          0x001022c1      0x7f6 /home/zaccaria/Scrivania/Proj/ZerOS/build/kernel/c/./include_src/std/stdio.obj
                0x001022c1                putclr
                0x001022f3                putchr
                0x00102322                putc
                0x00102432                puts
                0x00102461                cls
                0x001024cf                setcrs
                0x00102540                getchr
                0x00102562                getclr
                0x00102587                scrlback
                0x0010266e                printf
                0x001029b3                printf_unsigned
                0x00102a5a                printf_signed
 .text          0x00102ab7       0xf5 /home/zaccaria/Scrivania/Proj/ZerOS/build/kernel/c/./include_src/std/string.obj
                0x00102ab7                memcpy
                0x00102b09                memset
                0x00102b4c                memcmp
 .text          0x00102bac       0x21 /home/zaccaria/Scrivania/Proj/ZerOS/build/kernel/c/./include_src/util/error.obj
                0x00102bac                terminate
 *fill*         0x00102bcd        0x1 
 .text          0x00102bce      0x732 /home/zaccaria/Scrivania/Proj/ZerOS/build/kernel/cpp/./include_src/ps2/ps2_driver.obj
                0x00102bce                _ZN10ps2_driverC1Eb
                0x00102bce                _ZN10ps2_driverC2Eb
                0x00102d24                _ZN10ps2_driver15test_controllerEv
                0x00102d6a                _ZN10ps2_driver9test_portEv
                0x00102dc6                _ZN10ps2_driver7disableEv
                0x00102e08                _ZN10ps2_driver6enableEv
                0x00102e4a                _ZN10ps2_driver12flush_outbufEv
                0x00102e84                _ZN10ps2_driver11flush_inbufEv
                0x00102ebe                _ZN10ps2_driver11disable_irqEv
                0x00102f3c                _ZN10ps2_driver10enable_irqEv
                0x00102fba                _ZN10ps2_driver19disable_translationEv
                0x00103024                _ZN10ps2_driver21check_port2_availableEv
                0x00103062                _ZN10ps2_driver5resetEv
                0x001030fa                _ZN10ps2_driver8identifyEv
 .text          0x00103300      0x254 /home/zaccaria/Scrivania/Proj/ZerOS/build/kernel/cpp/./include_src/ps2/ps2_keyboard.obj
                0x00103300                _ZN12ps2_keyboardC1Ei
                0x00103300                _ZN12ps2_keyboardC2Ei
                0x0010339e                _ZN12ps2_keyboard15get_scancodesetEv
                0x0010346e                _ZN12ps2_keyboard15set_scancodesetEh
                0x00103526                _ZN12ps2_keyboard7handlerEP9registers
 .text          0x00103554      0x2ae /home/zaccaria/Scrivania/Proj/ZerOS/build/kernel/cpp/./include_src/i686/pic.obj
                0x00103554                _ZN10pic_driver4initEhhb
                0x00103674                _ZN10pic_driver5probeEv
                0x0010369e                _ZN10pic_driver7disableEv
                0x001036b8                _ZN10pic_driver8send_eoiEi
                0x001036e8                _ZN10pic_driver4maskEi
                0x0010371a                _ZN10pic_driver6unmaskEi
                0x0010374e                _ZN10pic_driver7getmaskEv
                0x0010375a                _ZN10pic_driver7setmaskEt
                0x001037b6                _ZN10pic_driver8readmaskEv
 .text          0x00103802       0xe7 /home/zaccaria/Scrivania/Proj/ZerOS/build/kernel/cpp/./include_src/i686/irq.obj
                0x00103802                _Z16i686_irq_handlerP9registers
                0x00103868                _ZN10irq_driver4initEv
                0x001038d6                _ZN10irq_driver16register_handlerEiPFvP9registersE
 .text          0x001038e9       0x1d /home/zaccaria/Scrivania/Proj/ZerOS/build/kernel/cpp/./include_src/hal/hal.obj
                0x001038e9                _Z8hal_initv
 .text          0x00103906       0x39 /home/zaccaria/Scrivania/Proj/ZerOS/build/kernel/cpp/./main.obj
                0x00103906                _Z3endv
                0x0010390b                _Z13timer_handlerP9registers
                0x00103911                _Z16keyboard_handlerP9registers
 *fill*         0x0010393f        0x1 
 .text          0x00103940      0x11a /home/zaccaria/Scrivania/Proj/ZerOS/toolchain/i686-elf/lib/gcc/i686-elf/14.2.0/libgcc.a(_udivdi3.o)
                0x00103940                __udivdi3
 *fill*         0x00103a5a        0x6 
 .text          0x00103a60      0x13e /home/zaccaria/Scrivania/Proj/ZerOS/toolchain/i686-elf/lib/gcc/i686-elf/14.2.0/libgcc.a(_umoddi3.o)
                0x00103a60                __umoddi3

.text._Z7arrsizeI12ps2_dev_typeLm12EEmRAT0__KT_
                0x00103b9e        0xa
 .text._Z7arrsizeI12ps2_dev_typeLm12EEmRAT0__KT_
                0x00103b9e        0xa /home/zaccaria/Scrivania/Proj/ZerOS/build/kernel/cpp/./include_src/ps2/ps2_driver.obj
                0x00103b9e                _Z7arrsizeI12ps2_dev_typeLm12EEmRAT0__KT_

.data           0x00103bc0      0x220
                0x00103bc0                        __data_start = .
 *(.data)
 .data          0x00103bc0        0x0 /home/zaccaria/Scrivania/Proj/ZerOS/build/kernel/c/./include_src/i686/io.obj
 .data          0x00103bc0       0x1e /home/zaccaria/Scrivania/Proj/ZerOS/build/kernel/c/./include_src/i686/gdt.obj
                0x00103bc0                g_gdt
                0x00103bd8                g_gdtdescriptor
 .data          0x00103bde        0x0 /home/zaccaria/Scrivania/Proj/ZerOS/build/kernel/c/./include_src/i686/isrs_generated.obj
 *fill*         0x00103bde        0x2 
 .data          0x00103be0        0x6 /home/zaccaria/Scrivania/Proj/ZerOS/build/kernel/c/./include_src/i686/idt.obj
                0x00103be0                g_idtdescriptor
 *fill*         0x00103be6       0x1a 
 .data          0x00103c00       0x80 /home/zaccaria/Scrivania/Proj/ZerOS/build/kernel/c/./include_src/i686/isr.obj
 .data          0x00103c80        0x8 /home/zaccaria/Scrivania/Proj/ZerOS/build/kernel/c/./include_src/std/stdio.obj
                0x00103c80                g_screenbuf
                0x00103c84                hex_chars
 .data          0x00103c88        0x0 /home/zaccaria/Scrivania/Proj/ZerOS/build/kernel/c/./include_src/std/string.obj
 .data          0x00103c88        0x0 /home/zaccaria/Scrivania/Proj/ZerOS/build/kernel/c/./include_src/util/error.obj
 *fill*         0x00103c88       0x18 
 .data          0x00103ca0       0x60 /home/zaccaria/Scrivania/Proj/ZerOS/build/kernel/cpp/./include_src/ps2/ps2_driver.obj
 .data          0x00103d00       0x60 /home/zaccaria/Scrivania/Proj/ZerOS/build/kernel/cpp/./include_src/ps2/ps2_keyboard.obj
 .data          0x00103d60        0x2 /home/zaccaria/Scrivania/Proj/ZerOS/build/kernel/cpp/./include_src/i686/pic.obj
                0x00103d60                _ZN10pic_driver6a_maskE
 .data          0x00103d62        0x0 /home/zaccaria/Scrivania/Proj/ZerOS/build/kernel/cpp/./include_src/i686/irq.obj
 .data          0x00103d62        0x0 /home/zaccaria/Scrivania/Proj/ZerOS/build/kernel/cpp/./include_src/hal/hal.obj
 *fill*         0x00103d62       0x1e 
 .data          0x00103d80       0x60 /home/zaccaria/Scrivania/Proj/ZerOS/build/kernel/cpp/./main.obj
 .data          0x00103de0        0x0 /home/zaccaria/Scrivania/Proj/ZerOS/toolchain/i686-elf/lib/gcc/i686-elf/14.2.0/libgcc.a(_udivdi3.o)
 .data          0x00103de0        0x0 /home/zaccaria/Scrivania/Proj/ZerOS/toolchain/i686-elf/lib/gcc/i686-elf/14.2.0/libgcc.a(_umoddi3.o)

.rodata         0x00103de0      0xa70
                0x00103de0                        __rodata_start = .
 *(.rodata)
 .rodata        0x00103de0      0x333 /home/zaccaria/Scrivania/Proj/ZerOS/build/kernel/c/./include_src/i686/isr.obj
 *fill*         0x00104113        0x1 
 .rodata        0x00104114       0xb1 /home/zaccaria/Scrivania/Proj/ZerOS/build/kernel/c/./include_src/std/stdio.obj
                0x00104114                SCR_W
                0x00104118                SCR_H
 .rodata        0x001041c5        0xe /home/zaccaria/Scrivania/Proj/ZerOS/build/kernel/c/./include_src/util/error.obj
 *fill*         0x001041d3        0x1 
 .rodata        0x001041d4      0x30c /home/zaccaria/Scrivania/Proj/ZerOS/build/kernel/cpp/./include_src/ps2/ps2_driver.obj
 .rodata        0x001044e0      0x22d /home/zaccaria/Scrivania/Proj/ZerOS/build/kernel/cpp/./include_src/ps2/ps2_keyboard.obj
 .rodata        0x0010470d       0x13 /home/zaccaria/Scrivania/Proj/ZerOS/build/kernel/cpp/./include_src/i686/irq.obj
 .rodata        0x00104720      0x130 /home/zaccaria/Scrivania/Proj/ZerOS/build/kernel/cpp/./main.obj

.eh_frame       0x00104850      0x5c8
 .eh_frame      0x00104850      0x1d8 /home/zaccaria/Scrivania/Proj/ZerOS/build/kernel/cpp/./include_src/ps2/ps2_driver.obj
 .eh_frame      0x00104a28       0x98 /home/zaccaria/Scrivania/Proj/ZerOS/build/kernel/cpp/./include_src/ps2/ps2_keyboard.obj
 .eh_frame      0x00104ac0      0x13c /home/zaccaria/Scrivania/Proj/ZerOS/build/kernel/cpp/./include_src/i686/pic.obj
 .eh_frame      0x00104bfc       0x78 /home/zaccaria/Scrivania/Proj/ZerOS/build/kernel/cpp/./include_src/i686/irq.obj
 .eh_frame      0x00104c74       0x38 /home/zaccaria/Scrivania/Proj/ZerOS/build/kernel/cpp/./include_src/hal/hal.obj
 .eh_frame      0x00104cac       0x94 /home/zaccaria/Scrivania/Proj/ZerOS/build/kernel/cpp/./main.obj
 .eh_frame      0x00104d40       0x64 /home/zaccaria/Scrivania/Proj/ZerOS/toolchain/i686-elf/lib/gcc/i686-elf/14.2.0/libgcc.a(_udivdi3.o)
 .eh_frame      0x00104da4       0x74 /home/zaccaria/Scrivania/Proj/ZerOS/toolchain/i686-elf/lib/gcc/i686-elf/14.2.0/libgcc.a(_umoddi3.o)

.bss            0x00104e20      0xc9c
                0x00104e20                        __bss_start = .
 *(.bss)
 .bss           0x00104e20        0x0 /home/zaccaria/Scrivania/Proj/ZerOS/build/kernel/c/./include_src/i686/io.obj
 .bss           0x00104e20        0x0 /home/zaccaria/Scrivania/Proj/ZerOS/build/kernel/c/./include_src/i686/gdt.obj
 .bss           0x00104e20        0x0 /home/zaccaria/Scrivania/Proj/ZerOS/build/kernel/c/./include_src/i686/isrs_generated.obj
 .bss           0x00104e20      0x800 /home/zaccaria/Scrivania/Proj/ZerOS/build/kernel/c/./include_src/i686/idt.obj
                0x00104e20                g_idt
 .bss           0x00105620      0x400 /home/zaccaria/Scrivania/Proj/ZerOS/build/kernel/c/./include_src/i686/isr.obj
                0x00105620                g_isr_handlers
 .bss           0x00105a20        0x8 /home/zaccaria/Scrivania/Proj/ZerOS/build/kernel/c/./include_src/std/stdio.obj
                0x00105a20                g_screenx
                0x00105a24                g_screeny
 .bss           0x00105a28        0x0 /home/zaccaria/Scrivania/Proj/ZerOS/build/kernel/c/./include_src/std/string.obj
 .bss           0x00105a28        0x0 /home/zaccaria/Scrivania/Proj/ZerOS/build/kernel/c/./include_src/util/error.obj
 .bss           0x00105a28        0x0 /home/zaccaria/Scrivania/Proj/ZerOS/build/kernel/cpp/./include_src/ps2/ps2_driver.obj
 .bss           0x00105a28        0xc /home/zaccaria/Scrivania/Proj/ZerOS/build/kernel/cpp/./include_src/ps2/ps2_keyboard.obj
 .bss           0x00105a34       0x10 /home/zaccaria/Scrivania/Proj/ZerOS/build/kernel/cpp/./include_src/i686/pic.obj
                0x00105a34                _ZN10pic_driver10a_auto_eoiE
 *fill*         0x00105a44       0x1c 
 .bss           0x00105a60       0x50 /home/zaccaria/Scrivania/Proj/ZerOS/build/kernel/cpp/./include_src/i686/irq.obj
                0x00105a60                _ZN10irq_driver13a_irqhandlersE
 .bss           0x00105ab0        0x0 /home/zaccaria/Scrivania/Proj/ZerOS/build/kernel/cpp/./include_src/hal/hal.obj
 .bss           0x00105ab0        0xc /home/zaccaria/Scrivania/Proj/ZerOS/build/kernel/cpp/./main.obj
 .bss           0x00105abc        0x0 /home/zaccaria/Scrivania/Proj/ZerOS/toolchain/i686-elf/lib/gcc/i686-elf/14.2.0/libgcc.a(_udivdi3.o)
 .bss           0x00105abc        0x0 /home/zaccaria/Scrivania/Proj/ZerOS/toolchain/i686-elf/lib/gcc/i686-elf/14.2.0/libgcc.a(_umoddi3.o)
                0x00105abc                        __end = .
OUTPUT(/home/zaccaria/Scrivania/Proj/ZerOS/build/kernel.bin binary)

.debug_info     0x00000000     0x2337
 .debug_info    0x00000000       0xac /home/zaccaria/Scrivania/Proj/ZerOS/build/kernel/c/./include_src/i686/io.obj
 .debug_info    0x000000ac      0x1f8 /home/zaccaria/Scrivania/Proj/ZerOS/build/kernel/c/./include_src/i686/gdt.obj
 .debug_info    0x000002a4      0xd0a /home/zaccaria/Scrivania/Proj/ZerOS/build/kernel/c/./include_src/i686/isrs_generated.obj
 .debug_info    0x00000fae      0x24c /home/zaccaria/Scrivania/Proj/ZerOS/build/kernel/c/./include_src/i686/idt.obj
 .debug_info    0x000011fa      0x280 /home/zaccaria/Scrivania/Proj/ZerOS/build/kernel/c/./include_src/i686/isr.obj
 .debug_info    0x0000147a      0x588 /home/zaccaria/Scrivania/Proj/ZerOS/build/kernel/c/./include_src/std/stdio.obj
 .debug_info    0x00001a02      0x1e8 /home/zaccaria/Scrivania/Proj/ZerOS/build/kernel/c/./include_src/std/string.obj
 .debug_info    0x00001bea       0xc2 /home/zaccaria/Scrivania/Proj/ZerOS/build/kernel/c/./include_src/util/error.obj
 .debug_info    0x00001cac      0x33a /home/zaccaria/Scrivania/Proj/ZerOS/toolchain/i686-elf/lib/gcc/i686-elf/14.2.0/libgcc.a(_udivdi3.o)
 .debug_info    0x00001fe6      0x351 /home/zaccaria/Scrivania/Proj/ZerOS/toolchain/i686-elf/lib/gcc/i686-elf/14.2.0/libgcc.a(_umoddi3.o)

.debug_abbrev   0x00000000      0xadc
 .debug_abbrev  0x00000000       0x6d /home/zaccaria/Scrivania/Proj/ZerOS/build/kernel/c/./include_src/i686/io.obj
 .debug_abbrev  0x0000006d       0xf1 /home/zaccaria/Scrivania/Proj/ZerOS/build/kernel/c/./include_src/i686/gdt.obj
 .debug_abbrev  0x0000015e       0xbf /home/zaccaria/Scrivania/Proj/ZerOS/build/kernel/c/./include_src/i686/isrs_generated.obj
 .debug_abbrev  0x0000021d      0x123 /home/zaccaria/Scrivania/Proj/ZerOS/build/kernel/c/./include_src/i686/idt.obj
 .debug_abbrev  0x00000340      0x153 /home/zaccaria/Scrivania/Proj/ZerOS/build/kernel/c/./include_src/i686/isr.obj
 .debug_abbrev  0x00000493      0x203 /home/zaccaria/Scrivania/Proj/ZerOS/build/kernel/c/./include_src/std/stdio.obj
 .debug_abbrev  0x00000696       0xe2 /home/zaccaria/Scrivania/Proj/ZerOS/build/kernel/c/./include_src/std/string.obj
 .debug_abbrev  0x00000778       0x98 /home/zaccaria/Scrivania/Proj/ZerOS/build/kernel/c/./include_src/util/error.obj
 .debug_abbrev  0x00000810      0x15b /home/zaccaria/Scrivania/Proj/ZerOS/toolchain/i686-elf/lib/gcc/i686-elf/14.2.0/libgcc.a(_udivdi3.o)
 .debug_abbrev  0x0000096b      0x171 /home/zaccaria/Scrivania/Proj/ZerOS/toolchain/i686-elf/lib/gcc/i686-elf/14.2.0/libgcc.a(_umoddi3.o)

.debug_aranges  0x00000000      0x140
 .debug_aranges
                0x00000000       0x20 /home/zaccaria/Scrivania/Proj/ZerOS/build/kernel/c/./include_src/i686/io.obj
 .debug_aranges
                0x00000020       0x20 /home/zaccaria/Scrivania/Proj/ZerOS/build/kernel/c/./include_src/i686/gdt.obj
 .debug_aranges
                0x00000040       0x20 /home/zaccaria/Scrivania/Proj/ZerOS/build/kernel/c/./include_src/i686/isrs_generated.obj
 .debug_aranges
                0x00000060       0x20 /home/zaccaria/Scrivania/Proj/ZerOS/build/kernel/c/./include_src/i686/idt.obj
 .debug_aranges
                0x00000080       0x20 /home/zaccaria/Scrivania/Proj/ZerOS/build/kernel/c/./include_src/i686/isr.obj
 .debug_aranges
                0x000000a0       0x20 /home/zaccaria/Scrivania/Proj/ZerOS/build/kernel/c/./include_src/std/stdio.obj
 .debug_aranges
                0x000000c0       0x20 /home/zaccaria/Scrivania/Proj/ZerOS/build/kernel/c/./include_src/std/string.obj
 .debug_aranges
                0x000000e0       0x20 /home/zaccaria/Scrivania/Proj/ZerOS/build/kernel/c/./include_src/util/error.obj
 .debug_aranges
                0x00000100       0x20 /home/zaccaria/Scrivania/Proj/ZerOS/toolchain/i686-elf/lib/gcc/i686-elf/14.2.0/libgcc.a(_udivdi3.o)
 .debug_aranges
                0x00000120       0x20 /home/zaccaria/Scrivania/Proj/ZerOS/toolchain/i686-elf/lib/gcc/i686-elf/14.2.0/libgcc.a(_umoddi3.o)

.debug_line     0x00000000      0xccc
 .debug_line    0x00000000       0x62 /home/zaccaria/Scrivania/Proj/ZerOS/build/kernel/c/./include_src/i686/io.obj
 .debug_line    0x00000062       0x64 /home/zaccaria/Scrivania/Proj/ZerOS/build/kernel/c/./include_src/i686/gdt.obj
 .debug_line    0x000000c6      0x263 /home/zaccaria/Scrivania/Proj/ZerOS/build/kernel/c/./include_src/i686/isrs_generated.obj
 .debug_line    0x00000329       0x93 /home/zaccaria/Scrivania/Proj/ZerOS/build/kernel/c/./include_src/i686/idt.obj
 .debug_line    0x000003bc       0xe6 /home/zaccaria/Scrivania/Proj/ZerOS/build/kernel/c/./include_src/i686/isr.obj
 .debug_line    0x000004a2      0x39b /home/zaccaria/Scrivania/Proj/ZerOS/build/kernel/c/./include_src/std/stdio.obj
 .debug_line    0x0000083d       0xd4 /home/zaccaria/Scrivania/Proj/ZerOS/build/kernel/c/./include_src/std/string.obj
 .debug_line    0x00000911       0x63 /home/zaccaria/Scrivania/Proj/ZerOS/build/kernel/c/./include_src/util/error.obj
 .debug_line    0x00000974      0x180 /home/zaccaria/Scrivania/Proj/ZerOS/toolchain/i686-elf/lib/gcc/i686-elf/14.2.0/libgcc.a(_udivdi3.o)
 .debug_line    0x00000af4      0x1d8 /home/zaccaria/Scrivania/Proj/ZerOS/toolchain/i686-elf/lib/gcc/i686-elf/14.2.0/libgcc.a(_umoddi3.o)

.debug_str      0x00000000     0x1f60
 .debug_str     0x00000000       0xf6 /home/zaccaria/Scrivania/Proj/ZerOS/build/kernel/c/./include_src/i686/io.obj
 .debug_str     0x000000f6      0x2f9 /home/zaccaria/Scrivania/Proj/ZerOS/build/kernel/c/./include_src/i686/gdt.obj
 .debug_str     0x000003ef      0xd59 /home/zaccaria/Scrivania/Proj/ZerOS/build/kernel/c/./include_src/i686/isrs_generated.obj
 .debug_str     0x00001148      0x27c /home/zaccaria/Scrivania/Proj/ZerOS/build/kernel/c/./include_src/i686/idt.obj
 .debug_str     0x000013c4      0x1c2 /home/zaccaria/Scrivania/Proj/ZerOS/build/kernel/c/./include_src/i686/isr.obj
 .debug_str     0x00001586      0x3d3 /home/zaccaria/Scrivania/Proj/ZerOS/build/kernel/c/./include_src/std/stdio.obj
 .debug_str     0x00001959      0x11e /home/zaccaria/Scrivania/Proj/ZerOS/build/kernel/c/./include_src/std/string.obj
 .debug_str     0x00001a77       0xef /home/zaccaria/Scrivania/Proj/ZerOS/build/kernel/c/./include_src/util/error.obj
 .debug_str     0x00001b66      0x1fd /home/zaccaria/Scrivania/Proj/ZerOS/toolchain/i686-elf/lib/gcc/i686-elf/14.2.0/libgcc.a(_udivdi3.o)
 .debug_str     0x00001d63      0x1fd /home/zaccaria/Scrivania/Proj/ZerOS/toolchain/i686-elf/lib/gcc/i686-elf/14.2.0/libgcc.a(_umoddi3.o)

.debug_line_str
                0x00000000      0xa45
 .debug_line_str
                0x00000000      0x105 /home/zaccaria/Scrivania/Proj/ZerOS/build/kernel/c/./include_src/i686/io.obj
 .debug_line_str
                0x00000105      0x109 /home/zaccaria/Scrivania/Proj/ZerOS/build/kernel/c/./include_src/i686/gdt.obj
 .debug_line_str
                0x0000020e      0x12a /home/zaccaria/Scrivania/Proj/ZerOS/build/kernel/c/./include_src/i686/isrs_generated.obj
 .debug_line_str
                0x00000338      0x109 /home/zaccaria/Scrivania/Proj/ZerOS/build/kernel/c/./include_src/i686/idt.obj
 .debug_line_str
                0x00000441      0x128 /home/zaccaria/Scrivania/Proj/ZerOS/build/kernel/c/./include_src/i686/isr.obj
 .debug_line_str
                0x00000569      0x129 /home/zaccaria/Scrivania/Proj/ZerOS/build/kernel/c/./include_src/std/stdio.obj
 .debug_line_str
                0x00000692       0xfd /home/zaccaria/Scrivania/Proj/ZerOS/build/kernel/c/./include_src/std/string.obj
 .debug_line_str
                0x0000078f       0xbe /home/zaccaria/Scrivania/Proj/ZerOS/build/kernel/c/./include_src/util/error.obj
 .debug_line_str
                0x0000084d       0xfc /home/zaccaria/Scrivania/Proj/ZerOS/toolchain/i686-elf/lib/gcc/i686-elf/14.2.0/libgcc.a(_udivdi3.o)
 .debug_line_str
                0x00000949       0xfc /home/zaccaria/Scrivania/Proj/ZerOS/toolchain/i686-elf/lib/gcc/i686-elf/14.2.0/libgcc.a(_umoddi3.o)

.comment        0x00000000      0x130
 .comment       0x00000000       0x13 /home/zaccaria/Scrivania/Proj/ZerOS/build/kernel/c/./include_src/i686/io.obj
 .comment       0x00000013       0x13 /home/zaccaria/Scrivania/Proj/ZerOS/build/kernel/c/./include_src/i686/gdt.obj
 .comment       0x00000026       0x13 /home/zaccaria/Scrivania/Proj/ZerOS/build/kernel/c/./include_src/i686/isrs_generated.obj
 .comment       0x00000039       0x13 /home/zaccaria/Scrivania/Proj/ZerOS/build/kernel/c/./include_src/i686/idt.obj
 .comment       0x0000004c       0x13 /home/zaccaria/Scrivania/Proj/ZerOS/build/kernel/c/./include_src/i686/isr.obj
 .comment       0x0000005f       0x13 /home/zaccaria/Scrivania/Proj/ZerOS/build/kernel/c/./include_src/std/stdio.obj
 .comment       0x00000072       0x13 /home/zaccaria/Scrivania/Proj/ZerOS/build/kernel/c/./include_src/std/string.obj
 .comment       0x00000085       0x13 /home/zaccaria/Scrivania/Proj/ZerOS/build/kernel/c/./include_src/util/error.obj
 .comment       0x00000098       0x13 /home/zaccaria/Scrivania/Proj/ZerOS/build/kernel/cpp/./include_src/ps2/ps2_driver.obj
 .comment       0x000000ab       0x13 /home/zaccaria/Scrivania/Proj/ZerOS/build/kernel/cpp/./include_src/ps2/ps2_keyboard.obj
 .comment       0x000000be       0x13 /home/zaccaria/Scrivania/Proj/ZerOS/build/kernel/cpp/./include_src/i686/pic.obj
 .comment       0x000000d1       0x13 /home/zaccaria/Scrivania/Proj/ZerOS/build/kernel/cpp/./include_src/i686/irq.obj
 .comment       0x000000e4       0x13 /home/zaccaria/Scrivania/Proj/ZerOS/build/kernel/cpp/./include_src/hal/hal.obj
 .comment       0x000000f7       0x13 /home/zaccaria/Scrivania/Proj/ZerOS/build/kernel/cpp/./main.obj
 .comment       0x0000010a       0x13 /home/zaccaria/Scrivania/Proj/ZerOS/toolchain/i686-elf/lib/gcc/i686-elf/14.2.0/libgcc.a(_udivdi3.o)
 .comment       0x0000011d       0x13 /home/zaccaria/Scrivania/Proj/ZerOS/toolchain/i686-elf/lib/gcc/i686-elf/14.2.0/libgcc.a(_umoddi3.o)

.debug_frame    0x00000000      0x3e4
 .debug_frame   0x00000000       0x34 /home/zaccaria/Scrivania/Proj/ZerOS/build/kernel/c/./include_src/i686/io.obj
 .debug_frame   0x00000034       0x34 /home/zaccaria/Scrivania/Proj/ZerOS/build/kernel/c/./include_src/i686/gdt.obj
 .debug_frame   0x00000068       0x34 /home/zaccaria/Scrivania/Proj/ZerOS/build/kernel/c/./include_src/i686/isrs_generated.obj
 .debug_frame   0x0000009c       0x94 /home/zaccaria/Scrivania/Proj/ZerOS/build/kernel/c/./include_src/i686/idt.obj
 .debug_frame   0x00000130       0x74 /home/zaccaria/Scrivania/Proj/ZerOS/build/kernel/c/./include_src/i686/isr.obj
 .debug_frame   0x000001a4      0x198 /home/zaccaria/Scrivania/Proj/ZerOS/build/kernel/c/./include_src/std/stdio.obj
 .debug_frame   0x0000033c       0x74 /home/zaccaria/Scrivania/Proj/ZerOS/build/kernel/c/./include_src/std/string.obj
 .debug_frame   0x000003b0       0x34 /home/zaccaria/Scrivania/Proj/ZerOS/build/kernel/c/./include_src/util/error.obj

.debug_loclists
                0x00000000      0x978
 .debug_loclists
                0x00000000      0x50c /home/zaccaria/Scrivania/Proj/ZerOS/toolchain/i686-elf/lib/gcc/i686-elf/14.2.0/libgcc.a(_udivdi3.o)
 .debug_loclists
                0x0000050c      0x46c /home/zaccaria/Scrivania/Proj/ZerOS/toolchain/i686-elf/lib/gcc/i686-elf/14.2.0/libgcc.a(_umoddi3.o)

.debug_rnglists
                0x00000000       0x49
 .debug_rnglists
                0x00000000       0x2a /home/zaccaria/Scrivania/Proj/ZerOS/toolchain/i686-elf/lib/gcc/i686-elf/14.2.0/libgcc.a(_udivdi3.o)
 .debug_rnglists
                0x0000002a       0x1f /home/zaccaria/Scrivania/Proj/ZerOS/toolchain/i686-elf/lib/gcc/i686-elf/14.2.0/libgcc.a(_umoddi3.o)
