Archive member included to satisfy reference by file (symbol)

/home/zaccaria/Scrivania/Proj/ZerOS/toolchain/i686-elf/lib/gcc/i686-elf/14.2.0/libgcc.a(_udivdi3.o)
                              /home/zaccaria/Scrivania/Proj/ZerOS/build/kernel/c/./inc_src/std/stdio.obj (__udivdi3)
/home/zaccaria/Scrivania/Proj/ZerOS/toolchain/i686-elf/lib/gcc/i686-elf/14.2.0/libgcc.a(_umoddi3.o)
                              /home/zaccaria/Scrivania/Proj/ZerOS/build/kernel/c/./inc_src/std/stdio.obj (__umoddi3)

There are no discarded input sections

Memory Configuration

Name             Origin             Length             Attributes
*default*        0x00000000         0xffffffff

Linker script and memory map

LOAD /home/zaccaria/Scrivania/Proj/ZerOS/build/kernel/asm/./inc_src/i686/io.obj
LOAD /home/zaccaria/Scrivania/Proj/ZerOS/build/kernel/c/./inc_src/std/stdio.obj
LOAD /home/zaccaria/Scrivania/Proj/ZerOS/build/kernel/c/./inc_src/std/string.obj
LOAD /home/zaccaria/Scrivania/Proj/ZerOS/build/kernel/c/./main.obj
LOAD /home/zaccaria/Scrivania/Proj/ZerOS/toolchain/i686-elf/lib/gcc/i686-elf/14.2.0/libgcc.a
                0x00100000                        phys = 0x100000
                0x00100000                        . = phys

.entry          0x00100000       0x4a
                0x00100000                        __entry_start = .
 *(.entry)
 .entry         0x00100000       0x4a /home/zaccaria/Scrivania/Proj/ZerOS/build/kernel/c/./main.obj
                0x00100000                start

.text           0x00100050      0xb6e
                0x00100050                        __text_start = .
 *(.text)
 .text          0x00100050       0x17 /home/zaccaria/Scrivania/Proj/ZerOS/build/kernel/asm/./inc_src/i686/io.obj
                0x00100050                x86_outb
                0x0010005b                x86_inb
 .text          0x00100067      0x7f6 /home/zaccaria/Scrivania/Proj/ZerOS/build/kernel/c/./inc_src/std/stdio.obj
                0x00100067                putclr
                0x00100099                putchr
                0x001000c8                putc
                0x001001d8                puts
                0x00100207                cls
                0x00100275                setcrs
                0x001002e6                getchr
                0x00100308                getclr
                0x0010032d                scrlback
                0x00100414                printf
                0x00100759                printf_unsigned
                0x00100800                printf_signed
 .text          0x0010085d       0xf5 /home/zaccaria/Scrivania/Proj/ZerOS/build/kernel/c/./inc_src/std/string.obj
                0x0010085d                memcpy
                0x001008af                memset
                0x001008f2                memcmp
 .text          0x00100952        0x5 /home/zaccaria/Scrivania/Proj/ZerOS/build/kernel/c/./main.obj
                0x00100952                end
 *fill*         0x00100957        0x9 
 .text          0x00100960      0x11a /home/zaccaria/Scrivania/Proj/ZerOS/toolchain/i686-elf/lib/gcc/i686-elf/14.2.0/libgcc.a(_udivdi3.o)
                0x00100960                __udivdi3
 *fill*         0x00100a7a        0x6 
 .text          0x00100a80      0x13e /home/zaccaria/Scrivania/Proj/ZerOS/toolchain/i686-elf/lib/gcc/i686-elf/14.2.0/libgcc.a(_umoddi3.o)
                0x00100a80                __umoddi3

.data           0x00100bc0        0x8
                0x00100bc0                        __data_start = .
 *(.data)
 .data          0x00100bc0        0x8 /home/zaccaria/Scrivania/Proj/ZerOS/build/kernel/c/./inc_src/std/stdio.obj
                0x00100bc0                g_screenbuf
                0x00100bc4                hex_chars
 .data          0x00100bc8        0x0 /home/zaccaria/Scrivania/Proj/ZerOS/build/kernel/c/./inc_src/std/string.obj
 .data          0x00100bc8        0x0 /home/zaccaria/Scrivania/Proj/ZerOS/build/kernel/c/./main.obj
 .data          0x00100bc8        0x0 /home/zaccaria/Scrivania/Proj/ZerOS/toolchain/i686-elf/lib/gcc/i686-elf/14.2.0/libgcc.a(_udivdi3.o)
 .data          0x00100bc8        0x0 /home/zaccaria/Scrivania/Proj/ZerOS/toolchain/i686-elf/lib/gcc/i686-elf/14.2.0/libgcc.a(_umoddi3.o)

.rodata         0x00100bc8       0xc2
                0x00100bc8                        __rodata_start = .
 *(.rodata)
 .rodata        0x00100bc8       0xb1 /home/zaccaria/Scrivania/Proj/ZerOS/build/kernel/c/./inc_src/std/stdio.obj
                0x00100bc8                SCR_W
                0x00100bcc                SCR_H
 .rodata        0x00100c79       0x11 /home/zaccaria/Scrivania/Proj/ZerOS/build/kernel/c/./main.obj

.eh_frame       0x00100c8c       0xd8
 .eh_frame      0x00100c8c       0x64 /home/zaccaria/Scrivania/Proj/ZerOS/toolchain/i686-elf/lib/gcc/i686-elf/14.2.0/libgcc.a(_udivdi3.o)
 .eh_frame      0x00100cf0       0x74 /home/zaccaria/Scrivania/Proj/ZerOS/toolchain/i686-elf/lib/gcc/i686-elf/14.2.0/libgcc.a(_umoddi3.o)

.bss            0x00100d64        0x8
                0x00100d64                        __bss_start = .
 *(.bss)
 .bss           0x00100d64        0x8 /home/zaccaria/Scrivania/Proj/ZerOS/build/kernel/c/./inc_src/std/stdio.obj
                0x00100d64                g_screenx
                0x00100d68                g_screeny
 .bss           0x00100d6c        0x0 /home/zaccaria/Scrivania/Proj/ZerOS/build/kernel/c/./inc_src/std/string.obj
 .bss           0x00100d6c        0x0 /home/zaccaria/Scrivania/Proj/ZerOS/build/kernel/c/./main.obj
 .bss           0x00100d6c        0x0 /home/zaccaria/Scrivania/Proj/ZerOS/toolchain/i686-elf/lib/gcc/i686-elf/14.2.0/libgcc.a(_udivdi3.o)
 .bss           0x00100d6c        0x0 /home/zaccaria/Scrivania/Proj/ZerOS/toolchain/i686-elf/lib/gcc/i686-elf/14.2.0/libgcc.a(_umoddi3.o)
                0x00100d6c                        __end = .
OUTPUT(/home/zaccaria/Scrivania/Proj/ZerOS/build/kernel.bin binary)

.debug_info     0x00000000      0xf1f
 .debug_info    0x00000000      0x588 /home/zaccaria/Scrivania/Proj/ZerOS/build/kernel/c/./inc_src/std/stdio.obj
 .debug_info    0x00000588      0x1e8 /home/zaccaria/Scrivania/Proj/ZerOS/build/kernel/c/./inc_src/std/string.obj
 .debug_info    0x00000770      0x124 /home/zaccaria/Scrivania/Proj/ZerOS/build/kernel/c/./main.obj
 .debug_info    0x00000894      0x33a /home/zaccaria/Scrivania/Proj/ZerOS/toolchain/i686-elf/lib/gcc/i686-elf/14.2.0/libgcc.a(_udivdi3.o)
 .debug_info    0x00000bce      0x351 /home/zaccaria/Scrivania/Proj/ZerOS/toolchain/i686-elf/lib/gcc/i686-elf/14.2.0/libgcc.a(_umoddi3.o)

.debug_abbrev   0x00000000      0x6a5
 .debug_abbrev  0x00000000      0x203 /home/zaccaria/Scrivania/Proj/ZerOS/build/kernel/c/./inc_src/std/stdio.obj
 .debug_abbrev  0x00000203       0xe2 /home/zaccaria/Scrivania/Proj/ZerOS/build/kernel/c/./inc_src/std/string.obj
 .debug_abbrev  0x000002e5       0xf4 /home/zaccaria/Scrivania/Proj/ZerOS/build/kernel/c/./main.obj
 .debug_abbrev  0x000003d9      0x15b /home/zaccaria/Scrivania/Proj/ZerOS/toolchain/i686-elf/lib/gcc/i686-elf/14.2.0/libgcc.a(_udivdi3.o)
 .debug_abbrev  0x00000534      0x171 /home/zaccaria/Scrivania/Proj/ZerOS/toolchain/i686-elf/lib/gcc/i686-elf/14.2.0/libgcc.a(_umoddi3.o)

.debug_aranges  0x00000000       0xa8
 .debug_aranges
                0x00000000       0x20 /home/zaccaria/Scrivania/Proj/ZerOS/build/kernel/c/./inc_src/std/stdio.obj
 .debug_aranges
                0x00000020       0x20 /home/zaccaria/Scrivania/Proj/ZerOS/build/kernel/c/./inc_src/std/string.obj
 .debug_aranges
                0x00000040       0x28 /home/zaccaria/Scrivania/Proj/ZerOS/build/kernel/c/./main.obj
 .debug_aranges
                0x00000068       0x20 /home/zaccaria/Scrivania/Proj/ZerOS/toolchain/i686-elf/lib/gcc/i686-elf/14.2.0/libgcc.a(_udivdi3.o)
 .debug_aranges
                0x00000088       0x20 /home/zaccaria/Scrivania/Proj/ZerOS/toolchain/i686-elf/lib/gcc/i686-elf/14.2.0/libgcc.a(_umoddi3.o)

.debug_line     0x00000000      0x844
 .debug_line    0x00000000      0x39b /home/zaccaria/Scrivania/Proj/ZerOS/build/kernel/c/./inc_src/std/stdio.obj
 .debug_line    0x0000039b       0xd4 /home/zaccaria/Scrivania/Proj/ZerOS/build/kernel/c/./inc_src/std/string.obj
 .debug_line    0x0000046f       0x7d /home/zaccaria/Scrivania/Proj/ZerOS/build/kernel/c/./main.obj
 .debug_line    0x000004ec      0x180 /home/zaccaria/Scrivania/Proj/ZerOS/toolchain/i686-elf/lib/gcc/i686-elf/14.2.0/libgcc.a(_udivdi3.o)
 .debug_line    0x0000066c      0x1d8 /home/zaccaria/Scrivania/Proj/ZerOS/toolchain/i686-elf/lib/gcc/i686-elf/14.2.0/libgcc.a(_umoddi3.o)

.debug_str      0x00000000      0xa00
 .debug_str     0x00000000      0x3d2 /home/zaccaria/Scrivania/Proj/ZerOS/build/kernel/c/./inc_src/std/stdio.obj
 .debug_str     0x000003d2      0x11e /home/zaccaria/Scrivania/Proj/ZerOS/build/kernel/c/./inc_src/std/string.obj
 .debug_str     0x000004f0      0x116 /home/zaccaria/Scrivania/Proj/ZerOS/build/kernel/c/./main.obj
 .debug_str     0x00000606      0x1fd /home/zaccaria/Scrivania/Proj/ZerOS/toolchain/i686-elf/lib/gcc/i686-elf/14.2.0/libgcc.a(_udivdi3.o)
 .debug_str     0x00000803      0x1fd /home/zaccaria/Scrivania/Proj/ZerOS/toolchain/i686-elf/lib/gcc/i686-elf/14.2.0/libgcc.a(_umoddi3.o)

.debug_line_str
                0x00000000      0x502
 .debug_line_str
                0x00000000      0x121 /home/zaccaria/Scrivania/Proj/ZerOS/build/kernel/c/./inc_src/std/stdio.obj
 .debug_line_str
                0x00000121       0xf5 /home/zaccaria/Scrivania/Proj/ZerOS/build/kernel/c/./inc_src/std/string.obj
 .debug_line_str
                0x00000216       0xf4 /home/zaccaria/Scrivania/Proj/ZerOS/build/kernel/c/./main.obj
 .debug_line_str
                0x0000030a       0xfc /home/zaccaria/Scrivania/Proj/ZerOS/toolchain/i686-elf/lib/gcc/i686-elf/14.2.0/libgcc.a(_udivdi3.o)
 .debug_line_str
                0x00000406       0xfc /home/zaccaria/Scrivania/Proj/ZerOS/toolchain/i686-elf/lib/gcc/i686-elf/14.2.0/libgcc.a(_umoddi3.o)

.comment        0x00000000       0x5f
 .comment       0x00000000       0x13 /home/zaccaria/Scrivania/Proj/ZerOS/build/kernel/c/./inc_src/std/stdio.obj
 .comment       0x00000013       0x13 /home/zaccaria/Scrivania/Proj/ZerOS/build/kernel/c/./inc_src/std/string.obj
 .comment       0x00000026       0x13 /home/zaccaria/Scrivania/Proj/ZerOS/build/kernel/c/./main.obj
 .comment       0x00000039       0x13 /home/zaccaria/Scrivania/Proj/ZerOS/toolchain/i686-elf/lib/gcc/i686-elf/14.2.0/libgcc.a(_udivdi3.o)
 .comment       0x0000004c       0x13 /home/zaccaria/Scrivania/Proj/ZerOS/toolchain/i686-elf/lib/gcc/i686-elf/14.2.0/libgcc.a(_umoddi3.o)

.debug_frame    0x00000000      0x258
 .debug_frame   0x00000000      0x198 /home/zaccaria/Scrivania/Proj/ZerOS/build/kernel/c/./inc_src/std/stdio.obj
 .debug_frame   0x00000198       0x74 /home/zaccaria/Scrivania/Proj/ZerOS/build/kernel/c/./inc_src/std/string.obj
 .debug_frame   0x0000020c       0x4c /home/zaccaria/Scrivania/Proj/ZerOS/build/kernel/c/./main.obj

.debug_rnglists
                0x00000000       0x62
 .debug_rnglists
                0x00000000       0x19 /home/zaccaria/Scrivania/Proj/ZerOS/build/kernel/c/./main.obj
 .debug_rnglists
                0x00000019       0x2a /home/zaccaria/Scrivania/Proj/ZerOS/toolchain/i686-elf/lib/gcc/i686-elf/14.2.0/libgcc.a(_udivdi3.o)
 .debug_rnglists
                0x00000043       0x1f /home/zaccaria/Scrivania/Proj/ZerOS/toolchain/i686-elf/lib/gcc/i686-elf/14.2.0/libgcc.a(_umoddi3.o)

.debug_loclists
                0x00000000      0x978
 .debug_loclists
                0x00000000      0x50c /home/zaccaria/Scrivania/Proj/ZerOS/toolchain/i686-elf/lib/gcc/i686-elf/14.2.0/libgcc.a(_udivdi3.o)
 .debug_loclists
                0x0000050c      0x46c /home/zaccaria/Scrivania/Proj/ZerOS/toolchain/i686-elf/lib/gcc/i686-elf/14.2.0/libgcc.a(_umoddi3.o)
