Archive member included to satisfy reference by file (symbol)

/home/zaccaria/Scrivania/Proj/ZerOS/toolchain/i686-elf/lib/gcc/i686-elf/14.2.0/libgcc.a(_udivdi3.o)
                              /home/zaccaria/Scrivania/Proj/ZerOS/build/stage2/c/stdio.obj (__udivdi3)
/home/zaccaria/Scrivania/Proj/ZerOS/toolchain/i686-elf/lib/gcc/i686-elf/14.2.0/libgcc.a(_umoddi3.o)
                              /home/zaccaria/Scrivania/Proj/ZerOS/build/stage2/c/stdio.obj (__umoddi3)

There are no discarded input sections

Memory Configuration

Name             Origin             Length             Attributes
*default*        0x00000000         0xffffffff

Linker script and memory map

LOAD /home/zaccaria/Scrivania/Proj/ZerOS/build/stage2/asm/entry.obj
LOAD /home/zaccaria/Scrivania/Proj/ZerOS/build/stage2/asm/x86.obj
LOAD /home/zaccaria/Scrivania/Proj/ZerOS/build/stage2/c/disk.obj
LOAD /home/zaccaria/Scrivania/Proj/ZerOS/build/stage2/c/main.obj
LOAD /home/zaccaria/Scrivania/Proj/ZerOS/build/stage2/c/stdio.obj
LOAD /home/zaccaria/Scrivania/Proj/ZerOS/toolchain/i686-elf/lib/gcc/i686-elf/14.2.0/libgcc.a
                0x00000500                        phys = 0x500
                0x00000500                        . = phys

.entry          0x00000500       0xc3
                0x00000500                        __entry_start = .
 *(.entry)
 .entry         0x00000500       0xc3 /home/zaccaria/Scrivania/Proj/ZerOS/build/stage2/asm/entry.obj
                0x00000500                entry

.text           0x000005d0      0xf5e
                0x000005d0                        __text_start = .
 *(.text)
 .text          0x000005d0      0x1ab /home/zaccaria/Scrivania/Proj/ZerOS/build/stage2/asm/x86.obj
                0x000005d0                x86_outb
                0x000005db                x86_inb
                0x000005e7                x86_disk_getdriveparams
                0x000006ab                x86_disk_reset
                0x000006fc                x86_disk_read
 .text          0x0000077b      0x19a /home/zaccaria/Scrivania/Proj/ZerOS/build/stage2/c/disk.obj
                0x0000077b                disk_init
                0x000007ec                disk_lba2chs
                0x00000879                disk_read_sectors
 .text          0x00000915      0x1be /home/zaccaria/Scrivania/Proj/ZerOS/build/stage2/c/main.obj
                0x00000915                end
                0x0000091a                stage2_c
 .text          0x00000ad3      0x7f6 /home/zaccaria/Scrivania/Proj/ZerOS/build/stage2/c/stdio.obj
                0x00000ad3                putclr
                0x00000b05                putchr
                0x00000b34                putc
                0x00000c44                puts
                0x00000c73                cls
                0x00000ce1                setcrs
                0x00000d52                getchr
                0x00000d74                getclr
                0x00000d99                scrlback
                0x00000e80                printf
                0x000011c5                printf_unsigned
                0x0000126c                printf_signed
 *fill*         0x000012c9        0x7 
 .text          0x000012d0      0x11a /home/zaccaria/Scrivania/Proj/ZerOS/toolchain/i686-elf/lib/gcc/i686-elf/14.2.0/libgcc.a(_udivdi3.o)
                0x000012d0                __udivdi3
 *fill*         0x000013ea        0x6 
 .text          0x000013f0      0x13e /home/zaccaria/Scrivania/Proj/ZerOS/toolchain/i686-elf/lib/gcc/i686-elf/14.2.0/libgcc.a(_umoddi3.o)
                0x000013f0                __umoddi3

.data           0x00001530        0xc
                0x00001530                        __data_start = .
 *(.data)
 .data          0x00001530        0x0 /home/zaccaria/Scrivania/Proj/ZerOS/build/stage2/c/disk.obj
 .data          0x00001530        0x4 /home/zaccaria/Scrivania/Proj/ZerOS/build/stage2/c/main.obj
                0x00001530                g_data
 .data          0x00001534        0x8 /home/zaccaria/Scrivania/Proj/ZerOS/build/stage2/c/stdio.obj
                0x00001534                g_screenbuf
                0x00001538                hex_chars
 .data          0x0000153c        0x0 /home/zaccaria/Scrivania/Proj/ZerOS/toolchain/i686-elf/lib/gcc/i686-elf/14.2.0/libgcc.a(_udivdi3.o)
 .data          0x0000153c        0x0 /home/zaccaria/Scrivania/Proj/ZerOS/toolchain/i686-elf/lib/gcc/i686-elf/14.2.0/libgcc.a(_umoddi3.o)

.rodata         0x0000153c      0x1c1
                0x0000153c                        __rodata_start = .
 *(.rodata)
 .rodata        0x0000153c      0x10f /home/zaccaria/Scrivania/Proj/ZerOS/build/stage2/c/main.obj
 *fill*         0x0000164b        0x1 
 .rodata        0x0000164c       0xb1 /home/zaccaria/Scrivania/Proj/ZerOS/build/stage2/c/stdio.obj
                0x0000164c                SCR_W
                0x00001650                SCR_H

.eh_frame       0x00001700       0xd8
 .eh_frame      0x00001700       0x64 /home/zaccaria/Scrivania/Proj/ZerOS/toolchain/i686-elf/lib/gcc/i686-elf/14.2.0/libgcc.a(_udivdi3.o)
 .eh_frame      0x00001764       0x74 /home/zaccaria/Scrivania/Proj/ZerOS/toolchain/i686-elf/lib/gcc/i686-elf/14.2.0/libgcc.a(_umoddi3.o)

.bss            0x000017d8        0x8
                0x000017d8                        __bss_start = .
 *(.bss)
 .bss           0x000017d8        0x0 /home/zaccaria/Scrivania/Proj/ZerOS/build/stage2/c/disk.obj
 .bss           0x000017d8        0x0 /home/zaccaria/Scrivania/Proj/ZerOS/build/stage2/c/main.obj
 .bss           0x000017d8        0x8 /home/zaccaria/Scrivania/Proj/ZerOS/build/stage2/c/stdio.obj
                0x000017d8                g_screenx
                0x000017dc                g_screeny
 .bss           0x000017e0        0x0 /home/zaccaria/Scrivania/Proj/ZerOS/toolchain/i686-elf/lib/gcc/i686-elf/14.2.0/libgcc.a(_udivdi3.o)
 .bss           0x000017e0        0x0 /home/zaccaria/Scrivania/Proj/ZerOS/toolchain/i686-elf/lib/gcc/i686-elf/14.2.0/libgcc.a(_umoddi3.o)
                0x000017e0                        __end = .
OUTPUT(/home/zaccaria/Scrivania/Proj/ZerOS/build/stage2.bin binary)

.debug_info     0x00000000     0x1100
 .debug_info    0x00000000      0x2b1 /home/zaccaria/Scrivania/Proj/ZerOS/build/stage2/c/disk.obj
 .debug_info    0x000002b1      0x23c /home/zaccaria/Scrivania/Proj/ZerOS/build/stage2/c/main.obj
 .debug_info    0x000004ed      0x588 /home/zaccaria/Scrivania/Proj/ZerOS/build/stage2/c/stdio.obj
 .debug_info    0x00000a75      0x33a /home/zaccaria/Scrivania/Proj/ZerOS/toolchain/i686-elf/lib/gcc/i686-elf/14.2.0/libgcc.a(_udivdi3.o)
 .debug_info    0x00000daf      0x351 /home/zaccaria/Scrivania/Proj/ZerOS/toolchain/i686-elf/lib/gcc/i686-elf/14.2.0/libgcc.a(_umoddi3.o)

.debug_abbrev   0x00000000      0x763
 .debug_abbrev  0x00000000      0x140 /home/zaccaria/Scrivania/Proj/ZerOS/build/stage2/c/disk.obj
 .debug_abbrev  0x00000140      0x154 /home/zaccaria/Scrivania/Proj/ZerOS/build/stage2/c/main.obj
 .debug_abbrev  0x00000294      0x203 /home/zaccaria/Scrivania/Proj/ZerOS/build/stage2/c/stdio.obj
 .debug_abbrev  0x00000497      0x15b /home/zaccaria/Scrivania/Proj/ZerOS/toolchain/i686-elf/lib/gcc/i686-elf/14.2.0/libgcc.a(_udivdi3.o)
 .debug_abbrev  0x000005f2      0x171 /home/zaccaria/Scrivania/Proj/ZerOS/toolchain/i686-elf/lib/gcc/i686-elf/14.2.0/libgcc.a(_umoddi3.o)

.debug_aranges  0x00000000       0xa0
 .debug_aranges
                0x00000000       0x20 /home/zaccaria/Scrivania/Proj/ZerOS/build/stage2/c/disk.obj
 .debug_aranges
                0x00000020       0x20 /home/zaccaria/Scrivania/Proj/ZerOS/build/stage2/c/main.obj
 .debug_aranges
                0x00000040       0x20 /home/zaccaria/Scrivania/Proj/ZerOS/build/stage2/c/stdio.obj
 .debug_aranges
                0x00000060       0x20 /home/zaccaria/Scrivania/Proj/ZerOS/toolchain/i686-elf/lib/gcc/i686-elf/14.2.0/libgcc.a(_udivdi3.o)
 .debug_aranges
                0x00000080       0x20 /home/zaccaria/Scrivania/Proj/ZerOS/toolchain/i686-elf/lib/gcc/i686-elf/14.2.0/libgcc.a(_umoddi3.o)

.debug_line     0x00000000      0x893
 .debug_line    0x00000000       0xf1 /home/zaccaria/Scrivania/Proj/ZerOS/build/stage2/c/disk.obj
 .debug_line    0x000000f1       0xbb /home/zaccaria/Scrivania/Proj/ZerOS/build/stage2/c/main.obj
 .debug_line    0x000001ac      0x38f /home/zaccaria/Scrivania/Proj/ZerOS/build/stage2/c/stdio.obj
 .debug_line    0x0000053b      0x180 /home/zaccaria/Scrivania/Proj/ZerOS/toolchain/i686-elf/lib/gcc/i686-elf/14.2.0/libgcc.a(_udivdi3.o)
 .debug_line    0x000006bb      0x1d8 /home/zaccaria/Scrivania/Proj/ZerOS/toolchain/i686-elf/lib/gcc/i686-elf/14.2.0/libgcc.a(_umoddi3.o)

.debug_str      0x00000000      0xb00
 .debug_str     0x00000000      0x1bd /home/zaccaria/Scrivania/Proj/ZerOS/build/stage2/c/disk.obj
 .debug_str     0x000001bd      0x177 /home/zaccaria/Scrivania/Proj/ZerOS/build/stage2/c/main.obj
 .debug_str     0x00000334      0x3d2 /home/zaccaria/Scrivania/Proj/ZerOS/build/stage2/c/stdio.obj
 .debug_str     0x00000706      0x1fd /home/zaccaria/Scrivania/Proj/ZerOS/toolchain/i686-elf/lib/gcc/i686-elf/14.2.0/libgcc.a(_udivdi3.o)
 .debug_str     0x00000903      0x1fd /home/zaccaria/Scrivania/Proj/ZerOS/toolchain/i686-elf/lib/gcc/i686-elf/14.2.0/libgcc.a(_umoddi3.o)

.debug_line_str
                0x00000000      0x4fb
 .debug_line_str
                0x00000000       0xfa /home/zaccaria/Scrivania/Proj/ZerOS/build/stage2/c/disk.obj
 .debug_line_str
                0x000000fa      0x102 /home/zaccaria/Scrivania/Proj/ZerOS/build/stage2/c/main.obj
 .debug_line_str
                0x000001fc      0x107 /home/zaccaria/Scrivania/Proj/ZerOS/build/stage2/c/stdio.obj
 .debug_line_str
                0x00000303       0xfc /home/zaccaria/Scrivania/Proj/ZerOS/toolchain/i686-elf/lib/gcc/i686-elf/14.2.0/libgcc.a(_udivdi3.o)
 .debug_line_str
                0x000003ff       0xfc /home/zaccaria/Scrivania/Proj/ZerOS/toolchain/i686-elf/lib/gcc/i686-elf/14.2.0/libgcc.a(_umoddi3.o)

.comment        0x00000000       0x5f
 .comment       0x00000000       0x13 /home/zaccaria/Scrivania/Proj/ZerOS/build/stage2/c/disk.obj
 .comment       0x00000013       0x13 /home/zaccaria/Scrivania/Proj/ZerOS/build/stage2/c/main.obj
 .comment       0x00000026       0x13 /home/zaccaria/Scrivania/Proj/ZerOS/build/stage2/c/stdio.obj
 .comment       0x00000039       0x13 /home/zaccaria/Scrivania/Proj/ZerOS/toolchain/i686-elf/lib/gcc/i686-elf/14.2.0/libgcc.a(_udivdi3.o)
 .comment       0x0000004c       0x13 /home/zaccaria/Scrivania/Proj/ZerOS/toolchain/i686-elf/lib/gcc/i686-elf/14.2.0/libgcc.a(_umoddi3.o)

.debug_frame    0x00000000      0x268
 .debug_frame   0x00000000       0x80 /home/zaccaria/Scrivania/Proj/ZerOS/build/stage2/c/disk.obj
 .debug_frame   0x00000080       0x50 /home/zaccaria/Scrivania/Proj/ZerOS/build/stage2/c/main.obj
 .debug_frame   0x000000d0      0x198 /home/zaccaria/Scrivania/Proj/ZerOS/build/stage2/c/stdio.obj

.debug_loclists
                0x00000000      0x978
 .debug_loclists
                0x00000000      0x50c /home/zaccaria/Scrivania/Proj/ZerOS/toolchain/i686-elf/lib/gcc/i686-elf/14.2.0/libgcc.a(_udivdi3.o)
 .debug_loclists
                0x0000050c      0x46c /home/zaccaria/Scrivania/Proj/ZerOS/toolchain/i686-elf/lib/gcc/i686-elf/14.2.0/libgcc.a(_umoddi3.o)

.debug_rnglists
                0x00000000       0x49
 .debug_rnglists
                0x00000000       0x2a /home/zaccaria/Scrivania/Proj/ZerOS/toolchain/i686-elf/lib/gcc/i686-elf/14.2.0/libgcc.a(_udivdi3.o)
 .debug_rnglists
                0x0000002a       0x1f /home/zaccaria/Scrivania/Proj/ZerOS/toolchain/i686-elf/lib/gcc/i686-elf/14.2.0/libgcc.a(_umoddi3.o)
