Archive member included to satisfy reference by file (symbol)

/home/zaccaria/Scrivania/Proj/ZerOS/toolchain/i686-elf/lib/gcc/i686-elf/14.2.0/libgcc.a(_udivdi3.o)
                              /home/zaccaria/Scrivania/Proj/ZerOS/build/stage2/c/stdio.obj (__udivdi3)
/home/zaccaria/Scrivania/Proj/ZerOS/toolchain/i686-elf/lib/gcc/i686-elf/14.2.0/libgcc.a(_umoddi3.o)
                              /home/zaccaria/Scrivania/Proj/ZerOS/build/stage2/c/stdio.obj (__umoddi3)

There are no discarded input sections

Memory Configuration

Name             Origin             Length             Attributes
*default*        0x00000000         0xffffffff

Linker script and memory map

LOAD /home/zaccaria/Scrivania/Proj/ZerOS/build/stage2/asm/entry.obj
LOAD /home/zaccaria/Scrivania/Proj/ZerOS/build/stage2/asm/x86.obj
LOAD /home/zaccaria/Scrivania/Proj/ZerOS/build/stage2/c/ctype.obj
LOAD /home/zaccaria/Scrivania/Proj/ZerOS/build/stage2/c/disk.obj
LOAD /home/zaccaria/Scrivania/Proj/ZerOS/build/stage2/c/fat.obj
LOAD /home/zaccaria/Scrivania/Proj/ZerOS/build/stage2/c/main.obj
LOAD /home/zaccaria/Scrivania/Proj/ZerOS/build/stage2/c/math.obj
LOAD /home/zaccaria/Scrivania/Proj/ZerOS/build/stage2/c/memory.obj
LOAD /home/zaccaria/Scrivania/Proj/ZerOS/build/stage2/c/stdio.obj
LOAD /home/zaccaria/Scrivania/Proj/ZerOS/build/stage2/c/string.obj
LOAD /home/zaccaria/Scrivania/Proj/ZerOS/build/stage2/c/utils.obj
LOAD /home/zaccaria/Scrivania/Proj/ZerOS/toolchain/i686-elf/lib/gcc/i686-elf/14.2.0/libgcc.a
                0x00000500                        phys = 0x500
                0x00000500                        . = phys

.entry          0x00000500       0xc3
                0x00000500                        __entry_start = .
 *(.entry)
 .entry         0x00000500       0xc3 /home/zaccaria/Scrivania/Proj/ZerOS/build/stage2/asm/entry.obj
                0x00000500                entry

.text           0x000005d0     0x1b4e
                0x000005d0                        __text_start = .
 *(.text)
 .text          0x000005d0      0x1ab /home/zaccaria/Scrivania/Proj/ZerOS/build/stage2/asm/x86.obj
                0x000005d0                x86_outb
                0x000005db                x86_inb
                0x000005e7                x86_disk_getdriveparams
                0x000006ab                x86_disk_reset
                0x000006fc                x86_disk_read
 .text          0x0000077b       0xaa /home/zaccaria/Scrivania/Proj/ZerOS/build/stage2/c/ctype.obj
                0x0000077b                isupper
                0x000007a4                islower
                0x000007cd                toupper
                0x000007f9                tolower
 .text          0x00000825      0x194 /home/zaccaria/Scrivania/Proj/ZerOS/build/stage2/c/disk.obj
                0x00000825                disk_init
                0x00000890                disk_lba2chs
                0x0000091d                disk_read_sectors
 .text          0x000009b9      0xa17 /home/zaccaria/Scrivania/Proj/ZerOS/build/stage2/c/fat.obj
                0x000009b9                fat_read_bootsector
                0x000009d6                fat_read_fat
                0x00000a0a                fat_init
                0x00000c64                fat_clust2lba
                0x00000c85                fat_open_entry
                0x00000e37                fat_next_clust
                0x00000e84                fat_read
                0x000010af                fat_read_entry
                0x000010d0                fat_close
                0x0000111e                fat_find_file
                0x00001283                fat_open
 .text          0x000013d0      0x10d /home/zaccaria/Scrivania/Proj/ZerOS/build/stage2/c/main.obj
                0x000013d0                end
                0x000013d5                stage2_c
 .text          0x000014dd        0x0 /home/zaccaria/Scrivania/Proj/ZerOS/build/stage2/c/math.obj
 .text          0x000014dd       0xf5 /home/zaccaria/Scrivania/Proj/ZerOS/build/stage2/c/memory.obj
                0x000014dd                memcpy
                0x0000152f                memset
                0x00001572                memcmp
 .text          0x000015d2      0x7f6 /home/zaccaria/Scrivania/Proj/ZerOS/build/stage2/c/stdio.obj
                0x000015d2                putclr
                0x00001604                putchr
                0x00001633                putc
                0x00001743                puts
                0x00001772                cls
                0x000017e0                setcrs
                0x00001851                getchr
                0x00001873                getclr
                0x00001898                scrlback
                0x0000197f                printf
                0x00001cc4                printf_unsigned
                0x00001d6b                printf_signed
 .text          0x00001dc8       0xb6 /home/zaccaria/Scrivania/Proj/ZerOS/build/stage2/c/string.obj
                0x00001dc8                strlen
                0x00001dee                strchr
                0x00001e2c                strcpy
 .text          0x00001e7e       0x37 /home/zaccaria/Scrivania/Proj/ZerOS/build/stage2/c/utils.obj
                0x00001e7e                align
 *fill*         0x00001eb5        0xb 
 .text          0x00001ec0      0x11a /home/zaccaria/Scrivania/Proj/ZerOS/toolchain/i686-elf/lib/gcc/i686-elf/14.2.0/libgcc.a(_udivdi3.o)
                0x00001ec0                __udivdi3
 *fill*         0x00001fda        0x6 
 .text          0x00001fe0      0x13e /home/zaccaria/Scrivania/Proj/ZerOS/toolchain/i686-elf/lib/gcc/i686-elf/14.2.0/libgcc.a(_umoddi3.o)
                0x00001fe0                __umoddi3

.data           0x00002120       0x14
                0x00002120                        __data_start = .
 *(.data)
 .data          0x00002120        0x0 /home/zaccaria/Scrivania/Proj/ZerOS/build/stage2/c/ctype.obj
 .data          0x00002120        0x0 /home/zaccaria/Scrivania/Proj/ZerOS/build/stage2/c/disk.obj
 .data          0x00002120        0x0 /home/zaccaria/Scrivania/Proj/ZerOS/build/stage2/c/fat.obj
 .data          0x00002120        0xc /home/zaccaria/Scrivania/Proj/ZerOS/build/stage2/c/main.obj
                0x00002120                g_data
                0x00002124                krnl_loadbuf
                0x00002128                krnl
 .data          0x0000212c        0x0 /home/zaccaria/Scrivania/Proj/ZerOS/build/stage2/c/math.obj
 .data          0x0000212c        0x0 /home/zaccaria/Scrivania/Proj/ZerOS/build/stage2/c/memory.obj
 .data          0x0000212c        0x8 /home/zaccaria/Scrivania/Proj/ZerOS/build/stage2/c/stdio.obj
                0x0000212c                g_screenbuf
                0x00002130                hex_chars
 .data          0x00002134        0x0 /home/zaccaria/Scrivania/Proj/ZerOS/build/stage2/c/string.obj
 .data          0x00002134        0x0 /home/zaccaria/Scrivania/Proj/ZerOS/build/stage2/c/utils.obj
 .data          0x00002134        0x0 /home/zaccaria/Scrivania/Proj/ZerOS/toolchain/i686-elf/lib/gcc/i686-elf/14.2.0/libgcc.a(_udivdi3.o)
 .data          0x00002134        0x0 /home/zaccaria/Scrivania/Proj/ZerOS/toolchain/i686-elf/lib/gcc/i686-elf/14.2.0/libgcc.a(_umoddi3.o)

.rodata         0x00002134      0x23d
                0x00002134                        __rodata_start = .
 *(.rodata)
 .rodata        0x00002134      0x159 /home/zaccaria/Scrivania/Proj/ZerOS/build/stage2/c/fat.obj
 .rodata        0x0000228d       0x32 /home/zaccaria/Scrivania/Proj/ZerOS/build/stage2/c/main.obj
 *fill*         0x000022bf        0x1 
 .rodata        0x000022c0       0xb1 /home/zaccaria/Scrivania/Proj/ZerOS/build/stage2/c/stdio.obj
                0x000022c0                SCR_W
                0x000022c4                SCR_H

.eh_frame       0x00002374       0xd8
 .eh_frame      0x00002374       0x64 /home/zaccaria/Scrivania/Proj/ZerOS/toolchain/i686-elf/lib/gcc/i686-elf/14.2.0/libgcc.a(_udivdi3.o)
 .eh_frame      0x000023d8       0x74 /home/zaccaria/Scrivania/Proj/ZerOS/toolchain/i686-elf/lib/gcc/i686-elf/14.2.0/libgcc.a(_umoddi3.o)

.bss            0x0000244c       0x14
                0x0000244c                        __bss_start = .
 *(.bss)
 .bss           0x0000244c        0x0 /home/zaccaria/Scrivania/Proj/ZerOS/build/stage2/c/ctype.obj
 .bss           0x0000244c        0x0 /home/zaccaria/Scrivania/Proj/ZerOS/build/stage2/c/disk.obj
 .bss           0x0000244c        0xc /home/zaccaria/Scrivania/Proj/ZerOS/build/stage2/c/fat.obj
 .bss           0x00002458        0x0 /home/zaccaria/Scrivania/Proj/ZerOS/build/stage2/c/main.obj
 .bss           0x00002458        0x0 /home/zaccaria/Scrivania/Proj/ZerOS/build/stage2/c/math.obj
 .bss           0x00002458        0x0 /home/zaccaria/Scrivania/Proj/ZerOS/build/stage2/c/memory.obj
 .bss           0x00002458        0x8 /home/zaccaria/Scrivania/Proj/ZerOS/build/stage2/c/stdio.obj
                0x00002458                g_screenx
                0x0000245c                g_screeny
 .bss           0x00002460        0x0 /home/zaccaria/Scrivania/Proj/ZerOS/build/stage2/c/string.obj
 .bss           0x00002460        0x0 /home/zaccaria/Scrivania/Proj/ZerOS/build/stage2/c/utils.obj
 .bss           0x00002460        0x0 /home/zaccaria/Scrivania/Proj/ZerOS/toolchain/i686-elf/lib/gcc/i686-elf/14.2.0/libgcc.a(_udivdi3.o)
 .bss           0x00002460        0x0 /home/zaccaria/Scrivania/Proj/ZerOS/toolchain/i686-elf/lib/gcc/i686-elf/14.2.0/libgcc.a(_umoddi3.o)
                0x00002460                        __end = .
OUTPUT(/home/zaccaria/Scrivania/Proj/ZerOS/build/stage2.bin binary)

.debug_info     0x00000000     0x1fd6
 .debug_info    0x00000000       0xc3 /home/zaccaria/Scrivania/Proj/ZerOS/build/stage2/c/ctype.obj
 .debug_info    0x000000c3      0x2b1 /home/zaccaria/Scrivania/Proj/ZerOS/build/stage2/c/disk.obj
 .debug_info    0x00000374      0x9a3 /home/zaccaria/Scrivania/Proj/ZerOS/build/stage2/c/fat.obj
 .debug_info    0x00000d17      0x2db /home/zaccaria/Scrivania/Proj/ZerOS/build/stage2/c/main.obj
 .debug_info    0x00000ff2      0x1e8 /home/zaccaria/Scrivania/Proj/ZerOS/build/stage2/c/memory.obj
 .debug_info    0x000011da      0x588 /home/zaccaria/Scrivania/Proj/ZerOS/build/stage2/c/stdio.obj
 .debug_info    0x00001762      0x130 /home/zaccaria/Scrivania/Proj/ZerOS/build/stage2/c/string.obj
 .debug_info    0x00001892       0xb9 /home/zaccaria/Scrivania/Proj/ZerOS/build/stage2/c/utils.obj
 .debug_info    0x0000194b      0x33a /home/zaccaria/Scrivania/Proj/ZerOS/toolchain/i686-elf/lib/gcc/i686-elf/14.2.0/libgcc.a(_udivdi3.o)
 .debug_info    0x00001c85      0x351 /home/zaccaria/Scrivania/Proj/ZerOS/toolchain/i686-elf/lib/gcc/i686-elf/14.2.0/libgcc.a(_umoddi3.o)

.debug_abbrev   0x00000000      0xc63
 .debug_abbrev  0x00000000       0x8a /home/zaccaria/Scrivania/Proj/ZerOS/build/stage2/c/ctype.obj
 .debug_abbrev  0x0000008a      0x140 /home/zaccaria/Scrivania/Proj/ZerOS/build/stage2/c/disk.obj
 .debug_abbrev  0x000001ca      0x272 /home/zaccaria/Scrivania/Proj/ZerOS/build/stage2/c/fat.obj
 .debug_abbrev  0x0000043c      0x156 /home/zaccaria/Scrivania/Proj/ZerOS/build/stage2/c/main.obj
 .debug_abbrev  0x00000592       0xe2 /home/zaccaria/Scrivania/Proj/ZerOS/build/stage2/c/memory.obj
 .debug_abbrev  0x00000674      0x203 /home/zaccaria/Scrivania/Proj/ZerOS/build/stage2/c/stdio.obj
 .debug_abbrev  0x00000877       0xa8 /home/zaccaria/Scrivania/Proj/ZerOS/build/stage2/c/string.obj
 .debug_abbrev  0x0000091f       0x78 /home/zaccaria/Scrivania/Proj/ZerOS/build/stage2/c/utils.obj
 .debug_abbrev  0x00000997      0x15b /home/zaccaria/Scrivania/Proj/ZerOS/toolchain/i686-elf/lib/gcc/i686-elf/14.2.0/libgcc.a(_udivdi3.o)
 .debug_abbrev  0x00000af2      0x171 /home/zaccaria/Scrivania/Proj/ZerOS/toolchain/i686-elf/lib/gcc/i686-elf/14.2.0/libgcc.a(_umoddi3.o)

.debug_aranges  0x00000000      0x140
 .debug_aranges
                0x00000000       0x20 /home/zaccaria/Scrivania/Proj/ZerOS/build/stage2/c/ctype.obj
 .debug_aranges
                0x00000020       0x20 /home/zaccaria/Scrivania/Proj/ZerOS/build/stage2/c/disk.obj
 .debug_aranges
                0x00000040       0x20 /home/zaccaria/Scrivania/Proj/ZerOS/build/stage2/c/fat.obj
 .debug_aranges
                0x00000060       0x20 /home/zaccaria/Scrivania/Proj/ZerOS/build/stage2/c/main.obj
 .debug_aranges
                0x00000080       0x20 /home/zaccaria/Scrivania/Proj/ZerOS/build/stage2/c/memory.obj
 .debug_aranges
                0x000000a0       0x20 /home/zaccaria/Scrivania/Proj/ZerOS/build/stage2/c/stdio.obj
 .debug_aranges
                0x000000c0       0x20 /home/zaccaria/Scrivania/Proj/ZerOS/build/stage2/c/string.obj
 .debug_aranges
                0x000000e0       0x20 /home/zaccaria/Scrivania/Proj/ZerOS/build/stage2/c/utils.obj
 .debug_aranges
                0x00000100       0x20 /home/zaccaria/Scrivania/Proj/ZerOS/toolchain/i686-elf/lib/gcc/i686-elf/14.2.0/libgcc.a(_udivdi3.o)
 .debug_aranges
                0x00000120       0x20 /home/zaccaria/Scrivania/Proj/ZerOS/toolchain/i686-elf/lib/gcc/i686-elf/14.2.0/libgcc.a(_umoddi3.o)

.debug_line     0x00000000     0x1049
 .debug_line    0x00000000       0xae /home/zaccaria/Scrivania/Proj/ZerOS/build/stage2/c/ctype.obj
 .debug_line    0x000000ae       0xeb /home/zaccaria/Scrivania/Proj/ZerOS/build/stage2/c/disk.obj
 .debug_line    0x00000199      0x52d /home/zaccaria/Scrivania/Proj/ZerOS/build/stage2/c/fat.obj
 .debug_line    0x000006c6       0xc5 /home/zaccaria/Scrivania/Proj/ZerOS/build/stage2/c/main.obj
 .debug_line    0x0000078b        0x0 /home/zaccaria/Scrivania/Proj/ZerOS/build/stage2/c/math.obj
 .debug_line    0x0000078b       0xd0 /home/zaccaria/Scrivania/Proj/ZerOS/build/stage2/c/memory.obj
 .debug_line    0x0000085b      0x38f /home/zaccaria/Scrivania/Proj/ZerOS/build/stage2/c/stdio.obj
 .debug_line    0x00000bea       0xa1 /home/zaccaria/Scrivania/Proj/ZerOS/build/stage2/c/string.obj
 .debug_line    0x00000c8b       0x66 /home/zaccaria/Scrivania/Proj/ZerOS/build/stage2/c/utils.obj
 .debug_line    0x00000cf1      0x180 /home/zaccaria/Scrivania/Proj/ZerOS/toolchain/i686-elf/lib/gcc/i686-elf/14.2.0/libgcc.a(_udivdi3.o)
 .debug_line    0x00000e71      0x1d8 /home/zaccaria/Scrivania/Proj/ZerOS/toolchain/i686-elf/lib/gcc/i686-elf/14.2.0/libgcc.a(_umoddi3.o)

.debug_str      0x00000000     0x146c
 .debug_str     0x00000000       0x76 /home/zaccaria/Scrivania/Proj/ZerOS/build/stage2/c/ctype.obj
 .debug_str     0x00000076      0x1bd /home/zaccaria/Scrivania/Proj/ZerOS/build/stage2/c/disk.obj
 .debug_str     0x00000233      0x557 /home/zaccaria/Scrivania/Proj/ZerOS/build/stage2/c/fat.obj
 .debug_str     0x0000078a      0x1c3 /home/zaccaria/Scrivania/Proj/ZerOS/build/stage2/c/main.obj
 .debug_str     0x0000094d       0x4b /home/zaccaria/Scrivania/Proj/ZerOS/build/stage2/c/math.obj
 .debug_str     0x00000998      0x11e /home/zaccaria/Scrivania/Proj/ZerOS/build/stage2/c/memory.obj
 .debug_str     0x00000ab6      0x3d2 /home/zaccaria/Scrivania/Proj/ZerOS/build/stage2/c/stdio.obj
 .debug_str     0x00000e88       0xf2 /home/zaccaria/Scrivania/Proj/ZerOS/build/stage2/c/string.obj
 .debug_str     0x00000f7a       0xf8 /home/zaccaria/Scrivania/Proj/ZerOS/build/stage2/c/utils.obj
 .debug_str     0x00001072      0x1fd /home/zaccaria/Scrivania/Proj/ZerOS/toolchain/i686-elf/lib/gcc/i686-elf/14.2.0/libgcc.a(_udivdi3.o)
 .debug_str     0x0000126f      0x1fd /home/zaccaria/Scrivania/Proj/ZerOS/toolchain/i686-elf/lib/gcc/i686-elf/14.2.0/libgcc.a(_umoddi3.o)

.debug_line_str
                0x00000000      0x95c
 .debug_line_str
                0x00000000       0x8c /home/zaccaria/Scrivania/Proj/ZerOS/build/stage2/c/ctype.obj
 .debug_line_str
                0x0000008c       0xfa /home/zaccaria/Scrivania/Proj/ZerOS/build/stage2/c/disk.obj
 .debug_line_str
                0x00000186      0x119 /home/zaccaria/Scrivania/Proj/ZerOS/build/stage2/c/fat.obj
 .debug_line_str
                0x0000029f      0x10b /home/zaccaria/Scrivania/Proj/ZerOS/build/stage2/c/main.obj
 .debug_line_str
                0x000003aa       0x41 /home/zaccaria/Scrivania/Proj/ZerOS/build/stage2/c/math.obj
 .debug_line_str
                0x000003eb       0xf3 /home/zaccaria/Scrivania/Proj/ZerOS/build/stage2/c/memory.obj
 .debug_line_str
                0x000004de      0x107 /home/zaccaria/Scrivania/Proj/ZerOS/build/stage2/c/stdio.obj
 .debug_line_str
                0x000005e5       0x8f /home/zaccaria/Scrivania/Proj/ZerOS/build/stage2/c/string.obj
 .debug_line_str
                0x00000674       0xf0 /home/zaccaria/Scrivania/Proj/ZerOS/build/stage2/c/utils.obj
 .debug_line_str
                0x00000764       0xfc /home/zaccaria/Scrivania/Proj/ZerOS/toolchain/i686-elf/lib/gcc/i686-elf/14.2.0/libgcc.a(_udivdi3.o)
 .debug_line_str
                0x00000860       0xfc /home/zaccaria/Scrivania/Proj/ZerOS/toolchain/i686-elf/lib/gcc/i686-elf/14.2.0/libgcc.a(_umoddi3.o)

.comment        0x00000000       0xd1
 .comment       0x00000000       0x13 /home/zaccaria/Scrivania/Proj/ZerOS/build/stage2/c/ctype.obj
 .comment       0x00000013       0x13 /home/zaccaria/Scrivania/Proj/ZerOS/build/stage2/c/disk.obj
 .comment       0x00000026       0x13 /home/zaccaria/Scrivania/Proj/ZerOS/build/stage2/c/fat.obj
 .comment       0x00000039       0x13 /home/zaccaria/Scrivania/Proj/ZerOS/build/stage2/c/main.obj
 .comment       0x0000004c       0x13 /home/zaccaria/Scrivania/Proj/ZerOS/build/stage2/c/math.obj
 .comment       0x0000005f       0x13 /home/zaccaria/Scrivania/Proj/ZerOS/build/stage2/c/memory.obj
 .comment       0x00000072       0x13 /home/zaccaria/Scrivania/Proj/ZerOS/build/stage2/c/stdio.obj
 .comment       0x00000085       0x13 /home/zaccaria/Scrivania/Proj/ZerOS/build/stage2/c/string.obj
 .comment       0x00000098       0x13 /home/zaccaria/Scrivania/Proj/ZerOS/build/stage2/c/utils.obj
 .comment       0x000000ab       0x13 /home/zaccaria/Scrivania/Proj/ZerOS/toolchain/i686-elf/lib/gcc/i686-elf/14.2.0/libgcc.a(_udivdi3.o)
 .comment       0x000000be       0x13 /home/zaccaria/Scrivania/Proj/ZerOS/toolchain/i686-elf/lib/gcc/i686-elf/14.2.0/libgcc.a(_umoddi3.o)

.debug_frame    0x00000000      0x598
 .debug_frame   0x00000000       0x94 /home/zaccaria/Scrivania/Proj/ZerOS/build/stage2/c/ctype.obj
 .debug_frame   0x00000094       0x80 /home/zaccaria/Scrivania/Proj/ZerOS/build/stage2/c/disk.obj
 .debug_frame   0x00000114      0x184 /home/zaccaria/Scrivania/Proj/ZerOS/build/stage2/c/fat.obj
 .debug_frame   0x00000298       0x4c /home/zaccaria/Scrivania/Proj/ZerOS/build/stage2/c/main.obj
 .debug_frame   0x000002e4       0x74 /home/zaccaria/Scrivania/Proj/ZerOS/build/stage2/c/memory.obj
 .debug_frame   0x00000358      0x198 /home/zaccaria/Scrivania/Proj/ZerOS/build/stage2/c/stdio.obj
 .debug_frame   0x000004f0       0x74 /home/zaccaria/Scrivania/Proj/ZerOS/build/stage2/c/string.obj
 .debug_frame   0x00000564       0x34 /home/zaccaria/Scrivania/Proj/ZerOS/build/stage2/c/utils.obj

.debug_loclists
                0x00000000      0x978
 .debug_loclists
                0x00000000      0x50c /home/zaccaria/Scrivania/Proj/ZerOS/toolchain/i686-elf/lib/gcc/i686-elf/14.2.0/libgcc.a(_udivdi3.o)
 .debug_loclists
                0x0000050c      0x46c /home/zaccaria/Scrivania/Proj/ZerOS/toolchain/i686-elf/lib/gcc/i686-elf/14.2.0/libgcc.a(_umoddi3.o)

.debug_rnglists
                0x00000000       0x49
 .debug_rnglists
                0x00000000       0x2a /home/zaccaria/Scrivania/Proj/ZerOS/toolchain/i686-elf/lib/gcc/i686-elf/14.2.0/libgcc.a(_udivdi3.o)
 .debug_rnglists
                0x0000002a       0x1f /home/zaccaria/Scrivania/Proj/ZerOS/toolchain/i686-elf/lib/gcc/i686-elf/14.2.0/libgcc.a(_umoddi3.o)
