Archive member included to satisfy reference by file (symbol)

/home/zaccaria/Scrivania/Proj/ZerOS/toolchain/i686-elf/lib/gcc/i686-elf/14.2.0/libgcc.a(_udivdi3.o)
                              /home/zaccaria/Scrivania/Proj/ZerOS/build/stage2/c/stdio.obj (__udivdi3)
/home/zaccaria/Scrivania/Proj/ZerOS/toolchain/i686-elf/lib/gcc/i686-elf/14.2.0/libgcc.a(_umoddi3.o)
                              /home/zaccaria/Scrivania/Proj/ZerOS/build/stage2/c/stdio.obj (__umoddi3)

There are no discarded input sections

Memory Configuration

Name             Origin             Length             Attributes
*default*        0x00000000         0xffffffff

Linker script and memory map

LOAD /home/zaccaria/Scrivania/Proj/ZerOS/build/stage2/asm/entry.obj
LOAD /home/zaccaria/Scrivania/Proj/ZerOS/build/stage2/asm/x86.obj
LOAD /home/zaccaria/Scrivania/Proj/ZerOS/build/stage2/c/main.obj
LOAD /home/zaccaria/Scrivania/Proj/ZerOS/build/stage2/c/stdio.obj
LOAD /home/zaccaria/Scrivania/Proj/ZerOS/toolchain/i686-elf/lib/gcc/i686-elf/14.2.0/libgcc.a
                0x00000500                        phys = 0x500
                0x00000500                        . = phys

.entry          0x00000500       0xc3
                0x00000500                        __entry_start = .
 *(.entry)
 .entry         0x00000500       0xc3 /home/zaccaria/Scrivania/Proj/ZerOS/build/stage2/asm/entry.obj
                0x00000500                entry

.text           0x000005d0      0x94e
                0x000005d0                        __text_start = .
 *(.text)
 .text          0x000005d0       0x17 /home/zaccaria/Scrivania/Proj/ZerOS/build/stage2/asm/x86.obj
                0x000005d0                x86_outb
                0x000005db                x86_inb
 .text          0x000005e7       0x2f /home/zaccaria/Scrivania/Proj/ZerOS/build/stage2/c/main.obj
                0x000005e7                end
                0x000005ec                stage2_c
 .text          0x00000616      0x6a7 /home/zaccaria/Scrivania/Proj/ZerOS/build/stage2/c/stdio.obj
                0x00000616                putclr
                0x00000648                putchr
                0x00000677                putc
                0x0000076a                puts
                0x00000799                cls
                0x00000807                setcrs
                0x00000878                printf
                0x00000bb9                printf_unsigned
                0x00000c60                printf_signed
 *fill*         0x00000cbd        0x3 
 .text          0x00000cc0      0x11a /home/zaccaria/Scrivania/Proj/ZerOS/toolchain/i686-elf/lib/gcc/i686-elf/14.2.0/libgcc.a(_udivdi3.o)
                0x00000cc0                __udivdi3
 *fill*         0x00000dda        0x6 
 .text          0x00000de0      0x13e /home/zaccaria/Scrivania/Proj/ZerOS/toolchain/i686-elf/lib/gcc/i686-elf/14.2.0/libgcc.a(_umoddi3.o)
                0x00000de0                __umoddi3

.data           0x00000f20        0x8
                0x00000f20                        __data_start = .
 *(.data)
 .data          0x00000f20        0x0 /home/zaccaria/Scrivania/Proj/ZerOS/build/stage2/c/main.obj
 .data          0x00000f20        0x8 /home/zaccaria/Scrivania/Proj/ZerOS/build/stage2/c/stdio.obj
                0x00000f20                g_screenbuf
                0x00000f24                hex_chars
 .data          0x00000f28        0x0 /home/zaccaria/Scrivania/Proj/ZerOS/toolchain/i686-elf/lib/gcc/i686-elf/14.2.0/libgcc.a(_udivdi3.o)
 .data          0x00000f28        0x0 /home/zaccaria/Scrivania/Proj/ZerOS/toolchain/i686-elf/lib/gcc/i686-elf/14.2.0/libgcc.a(_umoddi3.o)

.rodata         0x00000f28       0xe9
                0x00000f28                        __rodata_start = .
 *(.rodata)
 .rodata        0x00000f28       0x36 /home/zaccaria/Scrivania/Proj/ZerOS/build/stage2/c/main.obj
 *fill*         0x00000f5e        0x2 
 .rodata        0x00000f60       0xb1 /home/zaccaria/Scrivania/Proj/ZerOS/build/stage2/c/stdio.obj
                0x00000f60                SCR_W
                0x00000f64                SCR_H

.eh_frame       0x00001014       0xd8
 .eh_frame      0x00001014       0x64 /home/zaccaria/Scrivania/Proj/ZerOS/toolchain/i686-elf/lib/gcc/i686-elf/14.2.0/libgcc.a(_udivdi3.o)
 .eh_frame      0x00001078       0x74 /home/zaccaria/Scrivania/Proj/ZerOS/toolchain/i686-elf/lib/gcc/i686-elf/14.2.0/libgcc.a(_umoddi3.o)

.bss            0x000010ec        0x8
                0x000010ec                        __bss_start = .
 *(.bss)
 .bss           0x000010ec        0x0 /home/zaccaria/Scrivania/Proj/ZerOS/build/stage2/c/main.obj
 .bss           0x000010ec        0x8 /home/zaccaria/Scrivania/Proj/ZerOS/build/stage2/c/stdio.obj
                0x000010ec                g_screenx
                0x000010f0                g_screeny
 .bss           0x000010f4        0x0 /home/zaccaria/Scrivania/Proj/ZerOS/toolchain/i686-elf/lib/gcc/i686-elf/14.2.0/libgcc.a(_udivdi3.o)
 .bss           0x000010f4        0x0 /home/zaccaria/Scrivania/Proj/ZerOS/toolchain/i686-elf/lib/gcc/i686-elf/14.2.0/libgcc.a(_umoddi3.o)
                0x000010f4                        __end = .
OUTPUT(/home/zaccaria/Scrivania/Proj/ZerOS/build/stage2.bin binary)

.debug_info     0x00000000      0xb3c
 .debug_info    0x00000000       0xe4 /home/zaccaria/Scrivania/Proj/ZerOS/build/stage2/c/main.obj
 .debug_info    0x000000e4      0x3cd /home/zaccaria/Scrivania/Proj/ZerOS/build/stage2/c/stdio.obj
 .debug_info    0x000004b1      0x33a /home/zaccaria/Scrivania/Proj/ZerOS/toolchain/i686-elf/lib/gcc/i686-elf/14.2.0/libgcc.a(_udivdi3.o)
 .debug_info    0x000007eb      0x351 /home/zaccaria/Scrivania/Proj/ZerOS/toolchain/i686-elf/lib/gcc/i686-elf/14.2.0/libgcc.a(_umoddi3.o)

.debug_abbrev   0x00000000      0x547
 .debug_abbrev  0x00000000       0xc0 /home/zaccaria/Scrivania/Proj/ZerOS/build/stage2/c/main.obj
 .debug_abbrev  0x000000c0      0x1bb /home/zaccaria/Scrivania/Proj/ZerOS/build/stage2/c/stdio.obj
 .debug_abbrev  0x0000027b      0x15b /home/zaccaria/Scrivania/Proj/ZerOS/toolchain/i686-elf/lib/gcc/i686-elf/14.2.0/libgcc.a(_udivdi3.o)
 .debug_abbrev  0x000003d6      0x171 /home/zaccaria/Scrivania/Proj/ZerOS/toolchain/i686-elf/lib/gcc/i686-elf/14.2.0/libgcc.a(_umoddi3.o)

.debug_aranges  0x00000000       0x80
 .debug_aranges
                0x00000000       0x20 /home/zaccaria/Scrivania/Proj/ZerOS/build/stage2/c/main.obj
 .debug_aranges
                0x00000020       0x20 /home/zaccaria/Scrivania/Proj/ZerOS/build/stage2/c/stdio.obj
 .debug_aranges
                0x00000040       0x20 /home/zaccaria/Scrivania/Proj/ZerOS/toolchain/i686-elf/lib/gcc/i686-elf/14.2.0/libgcc.a(_udivdi3.o)
 .debug_aranges
                0x00000060       0x20 /home/zaccaria/Scrivania/Proj/ZerOS/toolchain/i686-elf/lib/gcc/i686-elf/14.2.0/libgcc.a(_umoddi3.o)

.debug_line     0x00000000      0x697
 .debug_line    0x00000000       0x63 /home/zaccaria/Scrivania/Proj/ZerOS/build/stage2/c/main.obj
 .debug_line    0x00000063      0x2dc /home/zaccaria/Scrivania/Proj/ZerOS/build/stage2/c/stdio.obj
 .debug_line    0x0000033f      0x180 /home/zaccaria/Scrivania/Proj/ZerOS/toolchain/i686-elf/lib/gcc/i686-elf/14.2.0/libgcc.a(_udivdi3.o)
 .debug_line    0x000004bf      0x1d8 /home/zaccaria/Scrivania/Proj/ZerOS/toolchain/i686-elf/lib/gcc/i686-elf/14.2.0/libgcc.a(_umoddi3.o)

.debug_str      0x00000000      0x6ba
 .debug_str     0x00000000       0xf8 /home/zaccaria/Scrivania/Proj/ZerOS/build/stage2/c/main.obj
 .debug_str     0x000000f8      0x1c8 /home/zaccaria/Scrivania/Proj/ZerOS/build/stage2/c/stdio.obj
 .debug_str     0x000002c0      0x1fd /home/zaccaria/Scrivania/Proj/ZerOS/toolchain/i686-elf/lib/gcc/i686-elf/14.2.0/libgcc.a(_udivdi3.o)
 .debug_str     0x000004bd      0x1fd /home/zaccaria/Scrivania/Proj/ZerOS/toolchain/i686-elf/lib/gcc/i686-elf/14.2.0/libgcc.a(_umoddi3.o)

.debug_line_str
                0x00000000      0x3ec
 .debug_line_str
                0x00000000       0xf5 /home/zaccaria/Scrivania/Proj/ZerOS/build/stage2/c/main.obj
 .debug_line_str
                0x000000f5       0xff /home/zaccaria/Scrivania/Proj/ZerOS/build/stage2/c/stdio.obj
 .debug_line_str
                0x000001f4       0xfc /home/zaccaria/Scrivania/Proj/ZerOS/toolchain/i686-elf/lib/gcc/i686-elf/14.2.0/libgcc.a(_udivdi3.o)
 .debug_line_str
                0x000002f0       0xfc /home/zaccaria/Scrivania/Proj/ZerOS/toolchain/i686-elf/lib/gcc/i686-elf/14.2.0/libgcc.a(_umoddi3.o)

.comment        0x00000000       0x4c
 .comment       0x00000000       0x13 /home/zaccaria/Scrivania/Proj/ZerOS/build/stage2/c/main.obj
 .comment       0x00000013       0x13 /home/zaccaria/Scrivania/Proj/ZerOS/build/stage2/c/stdio.obj
 .comment       0x00000026       0x13 /home/zaccaria/Scrivania/Proj/ZerOS/toolchain/i686-elf/lib/gcc/i686-elf/14.2.0/libgcc.a(_udivdi3.o)
 .comment       0x00000039       0x13 /home/zaccaria/Scrivania/Proj/ZerOS/toolchain/i686-elf/lib/gcc/i686-elf/14.2.0/libgcc.a(_umoddi3.o)

.debug_frame    0x00000000      0x184
 .debug_frame   0x00000000       0x4c /home/zaccaria/Scrivania/Proj/ZerOS/build/stage2/c/main.obj
 .debug_frame   0x0000004c      0x138 /home/zaccaria/Scrivania/Proj/ZerOS/build/stage2/c/stdio.obj

.debug_loclists
                0x00000000      0x978
 .debug_loclists
                0x00000000      0x50c /home/zaccaria/Scrivania/Proj/ZerOS/toolchain/i686-elf/lib/gcc/i686-elf/14.2.0/libgcc.a(_udivdi3.o)
 .debug_loclists
                0x0000050c      0x46c /home/zaccaria/Scrivania/Proj/ZerOS/toolchain/i686-elf/lib/gcc/i686-elf/14.2.0/libgcc.a(_umoddi3.o)

.debug_rnglists
                0x00000000       0x49
 .debug_rnglists
                0x00000000       0x2a /home/zaccaria/Scrivania/Proj/ZerOS/toolchain/i686-elf/lib/gcc/i686-elf/14.2.0/libgcc.a(_udivdi3.o)
 .debug_rnglists
                0x0000002a       0x1f /home/zaccaria/Scrivania/Proj/ZerOS/toolchain/i686-elf/lib/gcc/i686-elf/14.2.0/libgcc.a(_umoddi3.o)
